C:/Users/rfink/STM32CubeIDE/guitar_pedal_ez/Middleware/Third_Party/SEGGER/SEGGER_RTT_printf.c:121:13:_StoreChar	8	static
C:/Users/rfink/STM32CubeIDE/guitar_pedal_ez/Middleware/Third_Party/SEGGER/SEGGER_RTT_printf.c:146:13:_PrintUnsigned	40	static
C:/Users/rfink/STM32CubeIDE/guitar_pedal_ez/Middleware/Third_Party/SEGGER/SEGGER_RTT_printf.c:331:5:SEGGER_RTT_vprintf	144	static
C:/Users/rfink/STM32CubeIDE/guitar_pedal_ez/Middleware/Third_Party/SEGGER/SEGGER_RTT_printf.c:505:5:SEGGER_RTT_printf	12	static
