C:/Users/rfink/STM32CubeIDE/guitar_pedal_ez/Src/main.c:260:13:LCD_Unselect	1
C:/Users/rfink/STM32CubeIDE/guitar_pedal_ez/Src/main.c:254:13:LCD_Select	1
C:/Users/rfink/STM32CubeIDE/guitar_pedal_ez/Src/main.c:301:13:LCD_WriteCommand	2
C:/Users/rfink/STM32CubeIDE/guitar_pedal_ez/Src/main.c:321:13:LCD_WriteData	2
C:/Users/rfink/STM32CubeIDE/guitar_pedal_ez/Src/main.c:341:13:LCD_WriteDataByte	1
C:/Users/rfink/STM32CubeIDE/guitar_pedal_ez/Src/main.c:577:13:LCD_FillRect.part.0	6
C:/Users/rfink/STM32CubeIDE/guitar_pedal_ez/Src/main.c:80:5:main	5
