Archive member included to satisfy reference by file (symbol)

C:/ST/STM32CubeCLT_1.21.0/GNU-tools-for-STM32/bin/../lib/gcc/arm-none-eabi/14.3.1/../../../../arm-none-eabi/lib/thumb/v7e-m+dp/hard\libc_nano.a(libc_a-exit.o)
                              C:/ST/STM32CubeCLT_1.21.0/GNU-tools-for-STM32/bin/../lib/gcc/arm-none-eabi/14.3.1/../../../../arm-none-eabi/lib/thumb/v7e-m+dp/hard/crt0.o (exit)
C:/ST/STM32CubeCLT_1.21.0/GNU-tools-for-STM32/bin/../lib/gcc/arm-none-eabi/14.3.1/../../../../arm-none-eabi/lib/thumb/v7e-m+dp/hard\libc_nano.a(libc_a-findfp.o)
                              C:/ST/STM32CubeCLT_1.21.0/GNU-tools-for-STM32/bin/../lib/gcc/arm-none-eabi/14.3.1/../../../../arm-none-eabi/lib/thumb/v7e-m+dp/hard\libc_nano.a(libc_a-exit.o) (__stdio_exit_handler)
C:/ST/STM32CubeCLT_1.21.0/GNU-tools-for-STM32/bin/../lib/gcc/arm-none-eabi/14.3.1/../../../../arm-none-eabi/lib/thumb/v7e-m+dp/hard\libc_nano.a(libc_a-fwalk.o)
                              C:/ST/STM32CubeCLT_1.21.0/GNU-tools-for-STM32/bin/../lib/gcc/arm-none-eabi/14.3.1/../../../../arm-none-eabi/lib/thumb/v7e-m+dp/hard\libc_nano.a(libc_a-findfp.o) (_fwalk_sglue)
C:/ST/STM32CubeCLT_1.21.0/GNU-tools-for-STM32/bin/../lib/gcc/arm-none-eabi/14.3.1/../../../../arm-none-eabi/lib/thumb/v7e-m+dp/hard\libc_nano.a(libc_a-stdio.o)
                              C:/ST/STM32CubeCLT_1.21.0/GNU-tools-for-STM32/bin/../lib/gcc/arm-none-eabi/14.3.1/../../../../arm-none-eabi/lib/thumb/v7e-m+dp/hard\libc_nano.a(libc_a-findfp.o) (__sread)
C:/ST/STM32CubeCLT_1.21.0/GNU-tools-for-STM32/bin/../lib/gcc/arm-none-eabi/14.3.1/../../../../arm-none-eabi/lib/thumb/v7e-m+dp/hard\libc_nano.a(libc_a-memset.o)
                              C:/ST/STM32CubeCLT_1.21.0/GNU-tools-for-STM32/bin/../lib/gcc/arm-none-eabi/14.3.1/../../../../arm-none-eabi/lib/thumb/v7e-m+dp/hard/crt0.o (memset)
C:/ST/STM32CubeCLT_1.21.0/GNU-tools-for-STM32/bin/../lib/gcc/arm-none-eabi/14.3.1/../../../../arm-none-eabi/lib/thumb/v7e-m+dp/hard\libc_nano.a(libc_a-closer.o)
                              C:/ST/STM32CubeCLT_1.21.0/GNU-tools-for-STM32/bin/../lib/gcc/arm-none-eabi/14.3.1/../../../../arm-none-eabi/lib/thumb/v7e-m+dp/hard\libc_nano.a(libc_a-stdio.o) (_close_r)
C:/ST/STM32CubeCLT_1.21.0/GNU-tools-for-STM32/bin/../lib/gcc/arm-none-eabi/14.3.1/../../../../arm-none-eabi/lib/thumb/v7e-m+dp/hard\libc_nano.a(libc_a-reent.o)
                              C:/ST/STM32CubeCLT_1.21.0/GNU-tools-for-STM32/bin/../lib/gcc/arm-none-eabi/14.3.1/../../../../arm-none-eabi/lib/thumb/v7e-m+dp/hard\libc_nano.a(libc_a-closer.o) (errno)
C:/ST/STM32CubeCLT_1.21.0/GNU-tools-for-STM32/bin/../lib/gcc/arm-none-eabi/14.3.1/../../../../arm-none-eabi/lib/thumb/v7e-m+dp/hard\libc_nano.a(libc_a-impure.o)
                              C:/ST/STM32CubeCLT_1.21.0/GNU-tools-for-STM32/bin/../lib/gcc/arm-none-eabi/14.3.1/../../../../arm-none-eabi/lib/thumb/v7e-m+dp/hard\libc_nano.a(libc_a-reent.o) (_impure_ptr)
C:/ST/STM32CubeCLT_1.21.0/GNU-tools-for-STM32/bin/../lib/gcc/arm-none-eabi/14.3.1/../../../../arm-none-eabi/lib/thumb/v7e-m+dp/hard\libc_nano.a(libc_a-lseekr.o)
                              C:/ST/STM32CubeCLT_1.21.0/GNU-tools-for-STM32/bin/../lib/gcc/arm-none-eabi/14.3.1/../../../../arm-none-eabi/lib/thumb/v7e-m+dp/hard\libc_nano.a(libc_a-stdio.o) (_lseek_r)
C:/ST/STM32CubeCLT_1.21.0/GNU-tools-for-STM32/bin/../lib/gcc/arm-none-eabi/14.3.1/../../../../arm-none-eabi/lib/thumb/v7e-m+dp/hard\libc_nano.a(libc_a-readr.o)
                              C:/ST/STM32CubeCLT_1.21.0/GNU-tools-for-STM32/bin/../lib/gcc/arm-none-eabi/14.3.1/../../../../arm-none-eabi/lib/thumb/v7e-m+dp/hard\libc_nano.a(libc_a-stdio.o) (_read_r)
C:/ST/STM32CubeCLT_1.21.0/GNU-tools-for-STM32/bin/../lib/gcc/arm-none-eabi/14.3.1/../../../../arm-none-eabi/lib/thumb/v7e-m+dp/hard\libc_nano.a(libc_a-writer.o)
                              C:/ST/STM32CubeCLT_1.21.0/GNU-tools-for-STM32/bin/../lib/gcc/arm-none-eabi/14.3.1/../../../../arm-none-eabi/lib/thumb/v7e-m+dp/hard\libc_nano.a(libc_a-stdio.o) (_write_r)
C:/ST/STM32CubeCLT_1.21.0/GNU-tools-for-STM32/bin/../lib/gcc/arm-none-eabi/14.3.1/../../../../arm-none-eabi/lib/thumb/v7e-m+dp/hard\libc_nano.a(libc_a-init.o)
                              C:/ST/STM32CubeCLT_1.21.0/GNU-tools-for-STM32/bin/../lib/gcc/arm-none-eabi/14.3.1/../../../../arm-none-eabi/lib/thumb/v7e-m+dp/hard/crt0.o (__libc_init_array)
C:/ST/STM32CubeCLT_1.21.0/GNU-tools-for-STM32/bin/../lib/gcc/arm-none-eabi/14.3.1/../../../../arm-none-eabi/lib/thumb/v7e-m+dp/hard\libc_nano.a(libc_a-lock.o)
                              C:/ST/STM32CubeCLT_1.21.0/GNU-tools-for-STM32/bin/../lib/gcc/arm-none-eabi/14.3.1/../../../../arm-none-eabi/lib/thumb/v7e-m+dp/hard\libc_nano.a(libc_a-findfp.o) (__retarget_lock_init_recursive)
C:/ST/STM32CubeCLT_1.21.0/GNU-tools-for-STM32/bin/../lib/gcc/arm-none-eabi/14.3.1/../../../../arm-none-eabi/lib/thumb/v7e-m+dp/hard\libc_nano.a(libc_a-freer.o)
[...]
Memory Configuration

Name             Origin             Length             Attributes
RAM              0x20000000         0x00080000         xrw
FLASH            0x08000000         0x00200000         xr
*default*        0x00000000         0xffffffff

Linker script and memory map

LOAD C:/ST/STM32CubeCLT_1.21.0/GNU-tools-for-STM32/bin/../lib/gcc/arm-none-eabi/14.3.1/thumb/v7e-m+dp/hard/crti.o
LOAD C:/ST/STM32CubeCLT_1.21.0/GNU-tools-for-STM32/bin/../lib/gcc/arm-none-eabi/14.3.1/thumb/v7e-m+dp/hard/crtbegin.o
LOAD C:/ST/STM32CubeCLT_1.21.0/GNU-tools-for-STM32/bin/../lib/gcc/arm-none-eabi/14.3.1/../../../../arm-none-eabi/lib/thumb/v7e-m+dp/hard/crt0.o
START GROUP
LOAD C:/ST/STM32CubeCLT_1.21.0/GNU-tools-for-STM32/bin/../lib/gcc/arm-none-eabi/14.3.1/../../../../arm-none-eabi/lib/thumb/v7e-m+dp/hard\libc_nano.a
LOAD C:/ST/STM32CubeCLT_1.21.0/GNU-tools-for-STM32/bin/../lib/gcc/arm-none-eabi/14.3.1/../../../../arm-none-eabi/lib/thumb/v7e-m+dp/hard\libm.a
END GROUP
LOAD CMakeFiles/LLVM_Testing_Program.elf.dir/Src/LLVM_Main.c.obj
LOAD CMakeFiles/LLVM_Testing_Program.elf.dir/Src/stm32f7xx_hal_msp.c.obj
LOAD CMakeFiles/LLVM_Testing_Program.elf.dir/Src/stm32f7xx_it.c.obj
LOAD CMakeFiles/LLVM_Testing_Program.elf.dir/Src/syscalls.c.obj
LOAD CMakeFiles/LLVM_Testing_Program.elf.dir/Src/system_stm32f7xx.c.obj
LOAD CMakeFiles/LLVM_Testing_Program.elf.dir/Inc/stm32f7xx_hal_spi.c.obj
LOAD CMakeFiles/LLVM_Testing_Program.elf.dir/BSP/Nucleo_F767ZI_GPIO.c.obj
LOAD CMakeFiles/LLVM_Testing_Program.elf.dir/BSP/Nucleo_F767ZI_Init.c.obj
LOAD CMakeFiles/LLVM_Testing_Program.elf.dir/BSP/UartQuickDirtyInit.c.obj
LOAD CMakeFiles/LLVM_Testing_Program.elf.dir/Drivers/STM32F7xx_HAL_Driver/Src/stm32f7xx_hal.c.obj
LOAD CMakeFiles/LLVM_Testing_Program.elf.dir/Drivers/STM32F7xx_HAL_Driver/Src/stm32f7xx_hal_cortex.c.obj
LOAD CMakeFiles/LLVM_Testing_Program.elf.dir/Drivers/STM32F7xx_HAL_Driver/Src/stm32f7xx_hal_dma.c.obj
LOAD CMakeFiles/LLVM_Testing_Program.elf.dir/Drivers/STM32F7xx_HAL_Driver/Src/stm32f7xx_hal_dma_ex.c.obj
LOAD CMakeFiles/LLVM_Testing_Program.elf.dir/Drivers/STM32F7xx_HAL_Driver/Src/stm32f7xx_hal_eth.c.obj
LOAD CMakeFiles/LLVM_Testing_Program.elf.dir/Drivers/STM32F7xx_HAL_Driver/Src/stm32f7xx_hal_exti.c.obj
LOAD CMakeFiles/LLVM_Testing_Program.elf.dir/Drivers/STM32F7xx_HAL_Driver/Src/stm32f7xx_hal_flash.c.obj
LOAD CMakeFiles/LLVM_Testing_Program.elf.dir/Drivers/STM32F7xx_HAL_Driver/Src/stm32f7xx_hal_flash_ex.c.obj
LOAD CMakeFiles/LLVM_Testing_Program.elf.dir/Drivers/STM32F7xx_HAL_Driver/Src/stm32f7xx_hal_gpio.c.obj
LOAD CMakeFiles/LLVM_Testing_Program.elf.dir/Drivers/STM32F7xx_HAL_Driver/Src/stm32f7xx_hal_i2c.c.obj
LOAD CMakeFiles/LLVM_Testing_Program.elf.dir/Drivers/STM32F7xx_HAL_Driver/Src/stm32f7xx_hal_i2c_ex.c.obj
LOAD CMakeFiles/LLVM_Testing_Program.elf.dir/Drivers/STM32F7xx_HAL_Driver/Src/stm32f7xx_hal_pcd.c.obj
LOAD CMakeFiles/LLVM_Testing_Program.elf.dir/Drivers/STM32F7xx_HAL_Driver/Src/stm32f7xx_hal_pcd_ex.c.obj
LOAD CMakeFiles/LLVM_Testing_Program.elf.dir/Drivers/STM32F7xx_HAL_Driver/Src/stm32f7xx_hal_pwr.c.obj
LOAD CMakeFiles/LLVM_Testing_Program.elf.dir/Drivers/STM32F7xx_HAL_Driver/Src/stm32f7xx_hal_pwr_ex.c.obj
LOAD CMakeFiles/LLVM_Testing_Program.elf.dir/Drivers/STM32F7xx_HAL_Driver/Src/stm32f7xx_hal_rcc.c.obj
LOAD CMakeFiles/LLVM_Testing_Program.elf.dir/Drivers/STM32F7xx_HAL_Driver/Src/stm32f7xx_hal_rcc_ex.c.obj
LOAD CMakeFiles/LLVM_Testing_Program.elf.dir/Drivers/STM32F7xx_HAL_Driver/Src/stm32f7xx_hal_tim.c.obj
LOAD CMakeFiles/LLVM_Testing_Program.elf.dir/Drivers/STM32F7xx_HAL_Driver/Src/stm32f7xx_hal_tim_ex.c.obj
LOAD CMakeFiles/LLVM_Testing_Program.elf.dir/Drivers/STM32F7xx_HAL_Driver/Src/stm32f7xx_hal_uart.c.obj
LOAD CMakeFiles/LLVM_Testing_Program.elf.dir/Drivers/STM32F7xx_HAL_Driver/Src/stm32f7xx_hal_uart_ex.c.obj
LOAD CMakeFiles/LLVM_Testing_Program.elf.dir/Drivers/STM32F7xx_HAL_Driver/Src/stm32f7xx_ll_usb.c.obj
LOAD CMakeFiles/LLVM_Testing_Program.elf.dir/Middleware/Third_Party/FreeRTOS/Source/croutine.c.obj
LOAD CMakeFiles/LLVM_Testing_Program.elf.dir/Middleware/Third_Party/FreeRTOS/Source/event_groups.c.obj
LOAD CMakeFiles/LLVM_Testing_Program.elf.dir/Middleware/Third_Party/FreeRTOS/Source/list.c.obj
LOAD CMakeFiles/LLVM_Testing_Program.elf.dir/Middleware/Third_Party/FreeRTOS/Source/queue.c.obj
LOAD CMakeFiles/LLVM_Testing_Program.elf.dir/Middleware/Third_Party/FreeRTOS/Source/stream_buffer.c.obj
LOAD CMakeFiles/LLVM_Testing_Program.elf.dir/Middleware/Third_Party/FreeRTOS/Source/tasks.c.obj
LOAD CMakeFiles/LLVM_Testing_Program.elf.dir/Middleware/Third_Party/FreeRTOS/Source/timers.c.obj
LOAD CMakeFiles/LLVM_Testing_Program.elf.dir/Middleware/Third_Party/FreeRTOS/Source/CMSIS_RTOS_V2/cmsis_os2.c.obj
LOAD CMakeFiles/LLVM_Testing_Program.elf.dir/Middleware/Third_Party/FreeRTOS/Source/portable/MemMang/heap_4.c.obj
LOAD CMakeFiles/LLVM_Testing_Program.elf.dir/Middleware/Third_Party/FreeRTOS/Source/portable/GCC/ARM_CM7/r0p1/port.c.obj
LOAD CMakeFiles/LLVM_Testing_Program.elf.dir/Middleware/Third_Party/SEGGER/SEGGER_RTT.c.obj
LOAD CMakeFiles/LLVM_Testing_Program.elf.dir/Middleware/Third_Party/SEGGER/SEGGER_RTT_printf.c.obj
LOAD CMakeFiles/LLVM_Testing_Program.elf.dir/Middleware/Third_Party/SEGGER/SEGGER_SYSVIEW.c.obj
LOAD CMakeFiles/LLVM_Testing_Program.elf.dir/Middleware/Third_Party/SEGGER/SEGGER_SYSVIEW_Config_FreeRTOS.c.obj
LOAD CMakeFiles/LLVM_Testing_Program.elf.dir/Middleware/Third_Party/SEGGER/SEGGER_SYSVIEW_FreeRTOS.c.obj
LOAD CMakeFiles/LLVM_Testing_Program.elf.dir/Middleware/Third_Party/SEGGER/SEGGER_RTT_ASM_ARMv7M.S.obj
LOAD CMakeFiles/LLVM_Testing_Program.elf.dir/startup/startup_stm32f767xx.s.obj
START GROUP
LOAD C:/ST/STM32CubeCLT_1.21.0/GNU-tools-for-STM32/bin/../lib/gcc/arm-none-eabi/14.3.1/thumb/v7e-m+dp/hard\libgcc.a
LOAD C:/ST/STM32CubeCLT_1.21.0/GNU-tools-for-STM32/bin/../lib/gcc/arm-none-eabi/14.3.1/../../../../arm-none-eabi/lib/thumb/v7e-m+dp/hard\libc_nano.a
END GROUP
START GROUP
LOAD C:/ST/STM32CubeCLT_1.21.0/GNU-tools-for-STM32/bin/../lib/gcc/arm-none-eabi/14.3.1/thumb/v7e-m+dp/hard\libgcc.a
LOAD C:/ST/STM32CubeCLT_1.21.0/GNU-tools-for-STM32/bin/../lib/gcc/arm-none-eabi/14.3.1/../../../../arm-none-eabi/lib/thumb/v7e-m+dp/hard\libc_nano.a
LOAD C:/ST/STM32CubeCLT_1.21.0/GNU-tools-for-STM32/bin/../lib/gcc/arm-none-eabi/14.3.1/../../../../arm-none-eabi/lib/thumb/v7e-m+dp/hard\libnosys.a
END GROUP
START GROUP
LOAD C:/ST/STM32CubeCLT_1.21.0/GNU-tools-for-STM32/bin/../lib/gcc/arm-none-eabi/14.3.1/thumb/v7e-m+dp/hard\libgcc.a
LOAD C:/ST/STM32CubeCLT_1.21.0/GNU-tools-for-STM32/bin/../lib/gcc/arm-none-eabi/14.3.1/../../../../arm-none-eabi/lib/thumb/v7e-m+dp/hard\libc_nano.a
LOAD C:/ST/STM32CubeCLT_1.21.0/GNU-tools-for-STM32/bin/../lib/gcc/arm-none-eabi/14.3.1/../../../../arm-none-eabi/lib/thumb/v7e-m+dp/hard\libnosys.a
END GROUP
LOAD C:/ST/STM32CubeCLT_1.21.0/GNU-tools-for-STM32/bin/../lib/gcc/arm-none-eabi/14.3.1/thumb/v7e-m+dp/hard/crtend.o
LOAD C:/ST/STM32CubeCLT_1.21.0/GNU-tools-for-STM32/bin/../lib/gcc/arm-none-eabi/14.3.1/thumb/v7e-m+dp/hard/crtn.o
                0x20080000                        _estack = 0x20080000
                0x00000200                        _Min_Heap_Size = 0x200
                0x00000400                        _Min_Stack_Size = 0x400

.isr_vector     0x08000000      0x1f8
                0x08000000                        . = ALIGN (0x4)
 *(.isr_vector)
 .isr_vector    0x08000000      0x1f8 CMakeFiles/LLVM_Testing_Program.elf.dir/startup/startup_stm32f767xx.s.obj
                0x08000000                g_pfnVectors
                0x080001f8                        . = ALIGN (0x4)

.text           0x08000200     0x1e38
                0x08000200                        . = ALIGN (0x4)
 *(.text)
 .text          0x08000200       0x40 C:/ST/STM32CubeCLT_1.21.0/GNU-tools-for-STM32/bin/../lib/gcc/arm-none-eabi/14.3.1/thumb/v7e-m+dp/hard/crtbegin.o
 .text          0x08000240       0x8c CMakeFiles/LLVM_Testing_Program.elf.dir/Middleware/Third_Party/SEGGER/SEGGER_RTT_ASM_ARMv7M.S.obj
                0x08000240                SEGGER_RTT_ASM_WriteSkipNoLock
 .text          0x080002cc       0x10 C:/ST/STM32CubeCLT_1.21.0/GNU-tools-for-STM32/bin/../lib/gcc/arm-none-eabi/14.3.1/../../../../arm-none-eabi/lib/thumb/v7e-m+dp/hard\libc_nano.a(libc_a-strlen.o)
                0x080002cc                strlen
 *(.text*)
 .text.memset   0x080002dc       0x10 C:/ST/STM32CubeCLT_1.21.0/GNU-tools-for-STM32/bin/../lib/gcc/arm-none-eabi/14.3.1/../../../../arm-none-eabi/lib/thumb/v7e-m+dp/hard\libc_nano.a(libc_a-memset.o)
                0x080002dc                memset
 .text.__libc_init_array
                0x080002ec       0x48 C:/ST/STM32CubeCLT_1.21.0/GNU-tools-for-STM32/bin/../lib/gcc/arm-none-eabi/14.3.1/../../../../arm-none-eabi/lib/thumb/v7e-m+dp/hard\libc_nano.a(libc_a-init.o)
                0x080002ec                __libc_init_array
 .text.LCD_Unselect
                0x08000334       0x10 CMakeFiles/LLVM_Testing_Program.elf.dir/Src/LLVM_Main.c.obj
 .text.LCD_Select
                0x08000344       0x10 CMakeFiles/LLVM_Testing_Program.elf.dir/Src/LLVM_Main.c.obj
 .text.LCD_WriteCommand
                0x08000354       0x3c CMakeFiles/LLVM_Testing_Program.elf.dir/Src/LLVM_Main.c.obj
 .text.LCD_WriteData
                0x08000390       0x3c CMakeFiles/LLVM_Testing_Program.elf.dir/Src/LLVM_Main.c.obj
 .text.LCD_WriteDataByte
                0x080003cc       0x14 CMakeFiles/LLVM_Testing_Program.elf.dir/Src/LLVM_Main.c.obj
 .text.LCD_FillRect.part.0
                0x080003e0       0xe8 CMakeFiles/LLVM_Testing_Program.elf.dir/Src/LLVM_Main.c.obj
 .text.startup.main
                0x080004c8      0x394 CMakeFiles/LLVM_Testing_Program.elf.dir/Src/LLVM_Main.c.obj
                0x080004c8                main
 .text.HAL_MspInit
                0x0800085c       0x30 CMakeFiles/LLVM_Testing_Program.elf.dir/Src/stm32f7xx_hal_msp.c.obj
                0x0800085c                HAL_MspInit
 .text.HAL_SPI_MspInit
                0x0800088c       0x74 CMakeFiles/LLVM_Testing_Program.elf.dir/Src/stm32f7xx_hal_msp.c.obj
                0x0800088c                HAL_SPI_MspInit
 .text.NMI_Handler
                0x08000900        0x2 CMakeFiles/LLVM_Testing_Program.elf.dir/Src/stm32f7xx_it.c.obj
                0x08000900                NMI_Handler
 .text.HardFault_Handler
                0x08000902        0x2 CMakeFiles/LLVM_Testing_Program.elf.dir/Src/stm32f7xx_it.c.obj
                0x08000902                HardFault_Handler
 .text.MemManage_Handler
                0x08000904        0x2 CMakeFiles/LLVM_Testing_Program.elf.dir/Src/stm32f7xx_it.c.obj
                0x08000904                MemManage_Handler
 .text.BusFault_Handler
                0x08000906        0x2 CMakeFiles/LLVM_Testing_Program.elf.dir/Src/stm32f7xx_it.c.obj
                0x08000906                BusFault_Handler
 .text.UsageFault_Handler
                0x08000908        0x2 CMakeFiles/LLVM_Testing_Program.elf.dir/Src/stm32f7xx_it.c.obj
                0x08000908                UsageFault_Handler
 .text.DebugMon_Handler
                0x0800090a        0x2 CMakeFiles/LLVM_Testing_Program.elf.dir/Src/stm32f7xx_it.c.obj
                0x0800090a                DebugMon_Handler
 .text.SysTick_Handler
                0x0800090c       0x18 CMakeFiles/LLVM_Testing_Program.elf.dir/Src/stm32f7xx_it.c.obj
                0x0800090c                SysTick_Handler
 .text.SystemInit
                0x08000924       0x4c CMakeFiles/LLVM_Testing_Program.elf.dir/Src/system_stm32f7xx.c.obj
                0x08000924                SystemInit
 .text.SPI_WaitFlagStateUntilTimeout.constprop.0
                0x08000970       0xa0 CMakeFiles/LLVM_Testing_Program.elf.dir/Inc/stm32f7xx_hal_spi.c.obj
 .text.SPI_WaitFifoStateUntilTimeout.constprop.0
                0x08000a10       0xc4 CMakeFiles/LLVM_Testing_Program.elf.dir/Inc/stm32f7xx_hal_spi.c.obj
 .text.SPI_EndRxTxTransaction
                0x08000ad4       0x80 CMakeFiles/LLVM_Testing_Program.elf.dir/Inc/stm32f7xx_hal_spi.c.obj
 .text.HAL_SPI_Init
                0x08000b54      0x290 CMakeFiles/LLVM_Testing_Program.elf.dir/Inc/stm32f7xx_hal_spi.c.obj
                0x08000b54                HAL_SPI_Init
 .text.HAL_SPI_Transmit
                0x08000de4      0x1a4 CMakeFiles/LLVM_Testing_Program.elf.dir/Inc/stm32f7xx_hal_spi.c.obj
                0x08000de4                HAL_SPI_Transmit
 .text.Error_Handler
                0x08000f88        0x2 CMakeFiles/LLVM_Testing_Program.elf.dir/BSP/Nucleo_F767ZI_Init.c.obj
                0x08000f88                Error_Handler
 *fill*         0x08000f8a        0x2 
 .text.assert_failed
                0x08000f8c       0x14 CMakeFiles/LLVM_Testing_Program.elf.dir/BSP/Nucleo_F767ZI_Init.c.obj
                0x08000f8c                assert_failed
 .text.HAL_InitTick
                0x08000fa0       0x48 CMakeFiles/LLVM_Testing_Program.elf.dir/Drivers/STM32F7xx_HAL_Driver/Src/stm32f7xx_hal.c.obj
                0x08000fa0                HAL_InitTick
 .text.HAL_Init
                0x08000fe8       0x16 CMakeFiles/LLVM_Testing_Program.elf.dir/Drivers/STM32F7xx_HAL_Driver/Src/stm32f7xx_hal.c.obj
                0x08000fe8                HAL_Init
 *fill*         0x08000ffe        0x2 
 .text.HAL_IncTick
                0x08001000       0x18 CMakeFiles/LLVM_Testing_Program.elf.dir/Drivers/STM32F7xx_HAL_Driver/Src/stm32f7xx_hal.c.obj
                0x08001000                HAL_IncTick
 .text.HAL_GetTick
                0x08001018        0xc CMakeFiles/LLVM_Testing_Program.elf.dir/Drivers/STM32F7xx_HAL_Driver/Src/stm32f7xx_hal.c.obj
                0x08001018                HAL_GetTick
 .text.HAL_Delay
                0x08001024       0x24 CMakeFiles/LLVM_Testing_Program.elf.dir/Drivers/STM32F7xx_HAL_Driver/Src/stm32f7xx_hal.c.obj
                0x08001024                HAL_Delay
 .text.HAL_NVIC_SetPriorityGrouping
                0x08001048       0x3c CMakeFiles/LLVM_Testing_Program.elf.dir/Drivers/STM32F7xx_HAL_Driver/Src/stm32f7xx_hal_cortex.c.obj
                0x08001048                HAL_NVIC_SetPriorityGrouping
 .text.HAL_NVIC_SetPriority
                0x08001084       0x88 CMakeFiles/LLVM_Testing_Program.elf.dir/Drivers/STM32F7xx_HAL_Driver/Src/stm32f7xx_hal_cortex.c.obj
                0x08001084                HAL_NVIC_SetPriority
 .text.HAL_SYSTICK_Config
                0x0800110c       0x28 CMakeFiles/LLVM_Testing_Program.elf.dir/Drivers/STM32F7xx_HAL_Driver/Src/stm32f7xx_hal_cortex.c.obj
                0x0800110c                HAL_SYSTICK_Config
 .text.HAL_GPIO_Init
                0x08001134      0x2b0 CMakeFiles/LLVM_Testing_Program.elf.dir/Drivers/STM32F7xx_HAL_Driver/Src/stm32f7xx_hal_gpio.c.obj
                0x08001134                HAL_GPIO_Init
 .text.HAL_GPIO_WritePin
                0x080013e4       0x34 CMakeFiles/LLVM_Testing_Program.elf.dir/Drivers/STM32F7xx_HAL_Driver/Src/stm32f7xx_hal_gpio.c.obj
                0x080013e4                HAL_GPIO_WritePin
 .text.vListInsertEnd
                0x08001418       0x16 CMakeFiles/LLVM_Testing_Program.elf.dir/Middleware/Third_Party/FreeRTOS/Source/list.c.obj
                0x08001418                vListInsertEnd
 .text.uxListRemove
                0x0800142e       0x20 CMakeFiles/LLVM_Testing_Program.elf.dir/Middleware/Third_Party/FreeRTOS/Source/list.c.obj
                0x0800142e                uxListRemove
 *fill*         0x0800144e        0x2 
 .text.prvResetNextTaskUnblockTime
                0x08001450       0x24 CMakeFiles/LLVM_Testing_Program.elf.dir/Middleware/Third_Party/FreeRTOS/Source/tasks.c.obj
 .text.xTaskIncrementTick
                0x08001474      0x14c CMakeFiles/LLVM_Testing_Program.elf.dir/Middleware/Third_Party/FreeRTOS/Source/tasks.c.obj
                0x08001474                xTaskIncrementTick
 .text.vTaskSwitchContext
                0x080015c0       0x8c CMakeFiles/LLVM_Testing_Program.elf.dir/Middleware/Third_Party/FreeRTOS/Source/tasks.c.obj
                0x080015c0                vTaskSwitchContext
 .text.xTaskGetSchedulerState
                0x0800164c       0x20 CMakeFiles/LLVM_Testing_Program.elf.dir/Middleware/Third_Party/FreeRTOS/Source/tasks.c.obj
                0x0800164c                xTaskGetSchedulerState
 .text.vApplicationTickHook
                0x0800166c        0x2 CMakeFiles/LLVM_Testing_Program.elf.dir/Middleware/Third_Party/FreeRTOS/Source/CMSIS_RTOS_V2/cmsis_os2.c.obj
                0x0800166c                vApplicationTickHook
 *fill*         0x0800166e        0x2 
 .text.SVC_Handler
                0x08001670       0x24 CMakeFiles/LLVM_Testing_Program.elf.dir/Middleware/Third_Party/FreeRTOS/Source/portable/GCC/ARM_CM7/r0p1/port.c.obj
                0x08001670                SVC_Handler
 *fill*         0x08001694        0xc 
 .text.PendSV_Handler
                0x080016a0       0x64 CMakeFiles/LLVM_Testing_Program.elf.dir/Middleware/Third_Party/FreeRTOS/Source/portable/GCC/ARM_CM7/r0p1/port.c.obj
                0x080016a0                PendSV_Handler
 .text.xPortSysTickHandler
                0x08001704       0x3a CMakeFiles/LLVM_Testing_Program.elf.dir/Middleware/Third_Party/FreeRTOS/Source/portable/GCC/ARM_CM7/r0p1/port.c.obj
                0x08001704                xPortSysTickHandler
 *fill*         0x0800173e        0x2 
 .text._DoInit  0x08001740       0x60 CMakeFiles/LLVM_Testing_Program.elf.dir/Middleware/Third_Party/SEGGER/SEGGER_RTT.c.obj
 .text.SEGGER_RTT_ReadNoLock
                0x080017a0       0x88 CMakeFiles/LLVM_Testing_Program.elf.dir/Middleware/Third_Party/SEGGER/SEGGER_RTT.c.obj
                0x080017a0                SEGGER_RTT_ReadNoLock
 .text._EncodeStr
                0x08001828       0x46 CMakeFiles/LLVM_Testing_Program.elf.dir/Middleware/Third_Party/SEGGER/SEGGER_SYSVIEW.c.obj
 *fill*         0x0800186e        0x2 
 .text.SEGGER_SYSVIEW_SendTaskList
                0x08001870       0x14 CMakeFiles/LLVM_Testing_Program.elf.dir/Middleware/Third_Party/SEGGER/SEGGER_SYSVIEW.c.obj
                0x08001870                SEGGER_SYSVIEW_SendTaskList
 .text.SEGGER_SYSVIEW_SendModuleDescription
                0x08001884       0x18 CMakeFiles/LLVM_Testing_Program.elf.dir/Middleware/Third_Party/SEGGER/SEGGER_SYSVIEW.c.obj
                0x08001884                SEGGER_SYSVIEW_SendModuleDescription
 .text.SEGGER_SYSVIEW_SendNumModules
                0x0800189c       0x48 CMakeFiles/LLVM_Testing_Program.elf.dir/Middleware/Third_Party/SEGGER/SEGGER_SYSVIEW.c.obj
                0x0800189c                SEGGER_SYSVIEW_SendNumModules
 .text.SEGGER_SYSVIEW_Start
                0x080018e4       0xc0 CMakeFiles/LLVM_Testing_Program.elf.dir/Middleware/Third_Party/SEGGER/SEGGER_SYSVIEW.c.obj
                0x080018e4                SEGGER_SYSVIEW_Start
 .text._HandleIncomingPacket
                0x080019a4       0x88 CMakeFiles/LLVM_Testing_Program.elf.dir/Middleware/Third_Party/SEGGER/SEGGER_SYSVIEW.c.obj
 .text._SendPacket
                0x08001a2c      0x148 CMakeFiles/LLVM_Testing_Program.elf.dir/Middleware/Third_Party/SEGGER/SEGGER_SYSVIEW.c.obj
 .text.SEGGER_SYSVIEW_RecordVoid
                0x08001b74       0x24 CMakeFiles/LLVM_Testing_Program.elf.dir/Middleware/Third_Party/SEGGER/SEGGER_SYSVIEW.c.obj
                0x08001b74                SEGGER_SYSVIEW_RecordVoid
 .text.SEGGER_SYSVIEW_RecordU32
                0x08001b98       0x40 CMakeFiles/LLVM_Testing_Program.elf.dir/Middleware/Third_Party/SEGGER/SEGGER_SYSVIEW.c.obj
                0x08001b98                SEGGER_SYSVIEW_RecordU32
 .text.SEGGER_SYSVIEW_RecordU32x2
                0x08001bd8       0x58 CMakeFiles/LLVM_Testing_Program.elf.dir/Middleware/Third_Party/SEGGER/SEGGER_SYSVIEW.c.obj
                0x08001bd8                SEGGER_SYSVIEW_RecordU32x2
 .text.SEGGER_SYSVIEW_RecordSystime
                0x08001c30       0x34 CMakeFiles/LLVM_Testing_Program.elf.dir/Middleware/Third_Party/SEGGER/SEGGER_SYSVIEW.c.obj
                0x08001c30                SEGGER_SYSVIEW_RecordSystime
 .text.SEGGER_SYSVIEW_Stop
                0x08001c64       0x30 CMakeFiles/LLVM_Testing_Program.elf.dir/Middleware/Third_Party/SEGGER/SEGGER_SYSVIEW.c.obj
                0x08001c64                SEGGER_SYSVIEW_Stop
 .text.SEGGER_SYSVIEW_GetSysDesc
                0x08001c94       0x88 CMakeFiles/LLVM_Testing_Program.elf.dir/Middleware/Third_Party/SEGGER/SEGGER_SYSVIEW.c.obj
                0x08001c94                SEGGER_SYSVIEW_GetSysDesc
 .text.SEGGER_SYSVIEW_RecordEnterISR
                0x08001d1c       0x4c CMakeFiles/LLVM_Testing_Program.elf.dir/Middleware/Third_Party/SEGGER/SEGGER_SYSVIEW.c.obj
                0x08001d1c                SEGGER_SYSVIEW_RecordEnterISR
 .text.SEGGER_SYSVIEW_RecordExitISR
                0x08001d68       0x24 CMakeFiles/LLVM_Testing_Program.elf.dir/Middleware/Third_Party/SEGGER/SEGGER_SYSVIEW.c.obj
                0x08001d68                SEGGER_SYSVIEW_RecordExitISR
 .text.SEGGER_SYSVIEW_OnIdle
                0x08001d8c       0x24 CMakeFiles/LLVM_Testing_Program.elf.dir/Middleware/Third_Party/SEGGER/SEGGER_SYSVIEW.c.obj
                0x08001d8c                SEGGER_SYSVIEW_OnIdle
 .text.SEGGER_SYSVIEW_OnTaskStartExec
                0x08001db0       0x48 CMakeFiles/LLVM_Testing_Program.elf.dir/Middleware/Third_Party/SEGGER/SEGGER_SYSVIEW.c.obj
                0x08001db0                SEGGER_SYSVIEW_OnTaskStartExec
 .text.SEGGER_SYSVIEW_OnTaskStartReady
                0x08001df8       0x48 CMakeFiles/LLVM_Testing_Program.elf.dir/Middleware/Third_Party/SEGGER/SEGGER_SYSVIEW.c.obj
                0x08001df8                SEGGER_SYSVIEW_OnTaskStartReady
 .text.SEGGER_SYSVIEW_SendModule
                0x08001e40       0x80 CMakeFiles/LLVM_Testing_Program.elf.dir/Middleware/Third_Party/SEGGER/SEGGER_SYSVIEW.c.obj
                0x08001e40                SEGGER_SYSVIEW_SendModule
 .text._VPrintHost.isra.0
                0x08001ec0       0xc0 CMakeFiles/LLVM_Testing_Program.elf.dir/Middleware/Third_Party/SEGGER/SEGGER_SYSVIEW.c.obj
 .text.SEGGER_SYSVIEW_PrintfHost
                0x08001f80       0x1e CMakeFiles/LLVM_Testing_Program.elf.dir/Middleware/Third_Party/SEGGER/SEGGER_SYSVIEW.c.obj
                0x08001f80                SEGGER_SYSVIEW_PrintfHost
 *fill*         0x08001f9e        0x2 
 .text.Reset_Handler
                0x08001fa0       0x50 CMakeFiles/LLVM_Testing_Program.elf.dir/startup/startup_stm32f767xx.s.obj
                0x08001fa0                Reset_Handler
 .text.Default_Handler
                0x08001ff0        0x2 CMakeFiles/LLVM_Testing_Program.elf.dir/startup/startup_stm32f767xx.s.obj
                0x08001ff0                RTC_Alarm_IRQHandler
                0x08001ff0                EXTI2_IRQHandler
                0x08001ff0                TIM8_CC_IRQHandler
                0x08001ff0                UART8_IRQHandler
                0x08001ff0                SPI4_IRQHandler
                0x08001ff0                TIM1_CC_IRQHandler
                0x08001ff0                DMA2_Stream5_IRQHandler
                0x08001ff0                JPEG_IRQHandler
                0x08001ff0                DMA1_Stream5_IRQHandler
                0x08001ff0                CAN3_RX1_IRQHandler
                0x08001ff0                PVD_IRQHandler
                0x08001ff0                TAMP_STAMP_IRQHandler
                0x08001ff0                CAN2_RX1_IRQHandler
                0x08001ff0                EXTI3_IRQHandler
                0x08001ff0                TIM8_TRG_COM_TIM14_IRQHandler
                0x08001ff0                DFSDM1_FLT1_IRQHandler
                0x08001ff0                TIM1_UP_TIM10_IRQHandler
                0x08001ff0                TIM8_UP_TIM13_IRQHandler
                0x08001ff0                I2C3_ER_IRQHandler
                0x08001ff0                DFSDM1_FLT2_IRQHandler
                0x08001ff0                EXTI0_IRQHandler
                0x08001ff0                I2C2_EV_IRQHandler
                0x08001ff0                DMA1_Stream2_IRQHandler
                0x08001ff0                CAN1_RX0_IRQHandler
                0x08001ff0                FPU_IRQHandler
                0x08001ff0                OTG_HS_WKUP_IRQHandler
                0x08001ff0                CAN3_SCE_IRQHandler
                0x08001ff0                LTDC_ER_IRQHandler
                0x08001ff0                CAN2_SCE_IRQHandler
                0x08001ff0                DMA2_Stream2_IRQHandler
                0x08001ff0                SPI1_IRQHandler
                0x08001ff0                TIM6_DAC_IRQHandler
                0x08001ff0                TIM1_BRK_TIM9_IRQHandler
                0x08001ff0                DCMI_IRQHandler
                0x08001ff0                CAN2_RX0_IRQHandler
                0x08001ff0                DMA2_Stream3_IRQHandler
                0x08001ff0                SAI2_IRQHandler
                0x08001ff0                DFSDM1_FLT3_IRQHandler
                0x08001ff0                USART6_IRQHandler
                0x08001ff0                CAN3_RX0_IRQHandler
                0x08001ff0                USART3_IRQHandler
                0x08001ff0                CAN1_RX1_IRQHandler
                0x08001ff0                UART5_IRQHandler
                0x08001ff0                DMA2_Stream0_IRQHandler
                0x08001ff0                TIM4_IRQHandler
                0x08001ff0                QUADSPI_IRQHandler
                0x08001ff0                I2C1_EV_IRQHandler
                0x08001ff0                DMA1_Stream6_IRQHandler
                0x08001ff0                DMA1_Stream1_IRQHandler
                0x08001ff0                UART4_IRQHandler
                0x08001ff0                TIM3_IRQHandler
                0x08001ff0                RCC_IRQHandler
                0x08001ff0                TIM8_BRK_TIM12_IRQHandler
                0x08001ff0                Default_Handler
                0x08001ff0                CEC_IRQHandler
                0x08001ff0                EXTI15_10_IRQHandler
                0x08001ff0                ADC_IRQHandler
                0x08001ff0                DMA1_Stream7_IRQHandler
                0x08001ff0                SPI5_IRQHandler
                0x08001ff0                TIM7_IRQHandler
                0x08001ff0                SDMMC1_IRQHandler
                0x08001ff0                CAN2_TX_IRQHandler
                0x08001ff0                TIM5_IRQHandler
                0x08001ff0                DMA2_Stream7_IRQHandler
                0x08001ff0                I2C3_EV_IRQHandler
                0x08001ff0                EXTI9_5_IRQHandler
                0x08001ff0                RTC_WKUP_IRQHandler
                0x08001ff0                LTDC_IRQHandler
                0x08001ff0                ETH_WKUP_IRQHandler
                0x08001ff0                SPDIF_RX_IRQHandler
                0x08001ff0                SPI2_IRQHandler
                0x08001ff0                OTG_HS_EP1_IN_IRQHandler
                0x08001ff0                DMA1_Stream0_IRQHandler
                0x08001ff0                CAN1_TX_IRQHandler
                0x08001ff0                EXTI4_IRQHandler
                0x08001ff0                RNG_IRQHandler
                0x08001ff0                ETH_IRQHandler
                0x08001ff0                OTG_HS_EP1_OUT_IRQHandler
                0x08001ff0                WWDG_IRQHandler
                0x08001ff0                SPI6_IRQHandler
                0x08001ff0                MDIOS_IRQHandler
                0x08001ff0                I2C4_EV_IRQHandler
                0x08001ff0                CAN3_TX_IRQHandler
                0x08001ff0                TIM2_IRQHandler
                0x08001ff0                OTG_FS_WKUP_IRQHandler
                0x08001ff0                TIM1_TRG_COM_TIM11_IRQHandler
                0x08001ff0                OTG_HS_IRQHandler
                0x08001ff0                DMA2D_IRQHandler
                0x08001ff0                EXTI1_IRQHandler
                0x08001ff0                SDMMC2_IRQHandler
                0x08001ff0                UART7_IRQHandler
                0x08001ff0                USART2_IRQHandler
                0x08001ff0                DFSDM1_FLT0_IRQHandler
                0x08001ff0                I2C2_ER_IRQHandler
                0x08001ff0                DMA2_Stream1_IRQHandler
                0x08001ff0                CAN1_SCE_IRQHandler
                0x08001ff0                FLASH_IRQHandler
                0x08001ff0                DMA2_Stream4_IRQHandler
                0x08001ff0                USART1_IRQHandler
                0x08001ff0                OTG_FS_IRQHandler
                0x08001ff0                SPI3_IRQHandler
                0x08001ff0                DMA1_Stream4_IRQHandler
                0x08001ff0                I2C1_ER_IRQHandler
                0x08001ff0                FMC_IRQHandler
                0x08001ff0                LPTIM1_IRQHandler
                0x08001ff0                I2C4_ER_IRQHandler
                0x08001ff0                DMA2_Stream6_IRQHandler
                0x08001ff0                SAI1_IRQHandler
                0x08001ff0                DMA1_Stream3_IRQHandler
 .text.strcpy   0x08001ff2       0x10 C:/ST/STM32CubeCLT_1.21.0/GNU-tools-for-STM32/bin/../lib/gcc/arm-none-eabi/14.3.1/../../../../arm-none-eabi/lib/thumb/v7e-m+dp/hard\libc_nano.a(libc_a-strcpy.o)
                0x08001ff2                strcpy
 .text.memcpy   0x08002002       0x1c C:/ST/STM32CubeCLT_1.21.0/GNU-tools-for-STM32/bin/../lib/gcc/arm-none-eabi/14.3.1/../../../../arm-none-eabi/lib/thumb/v7e-m+dp/hard\libc_nano.a(libc_a-memcpy-stub.o)
                0x08002002                memcpy
 *(.glue_7)
 .glue_7        0x0800201e        0x0 linker stubs
 *(.glue_7t)
 .glue_7t       0x0800201e        0x0 linker stubs
 *(.eh_frame)
 *fill*         0x0800201e        0x2 
 .eh_frame      0x08002020        0x0 C:/ST/STM32CubeCLT_1.21.0/GNU-tools-for-STM32/bin/../lib/gcc/arm-none-eabi/14.3.1/thumb/v7e-m+dp/hard/crtbegin.o
 *(.init)
 .init          0x08002020        0x4 C:/ST/STM32CubeCLT_1.21.0/GNU-tools-for-STM32/bin/../lib/gcc/arm-none-eabi/14.3.1/thumb/v7e-m+dp/hard/crti.o
                0x08002020                _init
 .init          0x08002024        0x8 C:/ST/STM32CubeCLT_1.21.0/GNU-tools-for-STM32/bin/../lib/gcc/arm-none-eabi/14.3.1/thumb/v7e-m+dp/hard/crtn.o
 *(.fini)
 .fini          0x0800202c        0x4 C:/ST/STM32CubeCLT_1.21.0/GNU-tools-for-STM32/bin/../lib/gcc/arm-none-eabi/14.3.1/thumb/v7e-m+dp/hard/crti.o
                0x0800202c                _fini
 .fini          0x08002030        0x8 C:/ST/STM32CubeCLT_1.21.0/GNU-tools-for-STM32/bin/../lib/gcc/arm-none-eabi/14.3.1/thumb/v7e-m+dp/hard/crtn.o
                0x08002038                        . = ALIGN (0x4)
                0x08002038                        _etext = .

.vfp11_veneer   0x08002038        0x0
 .vfp11_veneer  0x08002038        0x0 linker stubs

.v4_bx          0x08002038        0x0
 .v4_bx         0x08002038        0x0 linker stubs

.iplt           0x08002038        0x0
 .iplt          0x08002038        0x0 C:/ST/STM32CubeCLT_1.21.0/GNU-tools-for-STM32/bin/../lib/gcc/arm-none-eabi/14.3.1/thumb/v7e-m+dp/hard/crtbegin.o

.rodata         0x08002038      0x198
                0x08002038                        . = ALIGN (0x4)
 *(.rodata)
 .rodata        0x08002038       0x1a CMakeFiles/LLVM_Testing_Program.elf.dir/Src/LLVM_Main.c.obj
 *(.rodata*)
 .rodata.main.str1.1
                0x08002052      0x173 CMakeFiles/LLVM_Testing_Program.elf.dir/Src/LLVM_Main.c.obj
                                 0x13 (size before relaxing)
 .rodata.HAL_SPI_Init.str1.1
                0x080021c5       0x44 CMakeFiles/LLVM_Testing_Program.elf.dir/Inc/stm32f7xx_hal_spi.c.obj
 .rodata.assert_failed.str1.1
                0x080021c5       0x42 CMakeFiles/LLVM_Testing_Program.elf.dir/BSP/Nucleo_F767ZI_Init.c.obj
 .rodata.HAL_NVIC_SetPriorityGrouping.str1.1
                0x080021c5       0x64 CMakeFiles/LLVM_Testing_Program.elf.dir/Drivers/STM32F7xx_HAL_Driver/Src/stm32f7xx_hal_cortex.c.obj
 .rodata.HAL_GPIO_Init.str1.1
                0x080021c5       0x62 CMakeFiles/LLVM_Testing_Program.elf.dir/Drivers/STM32F7xx_HAL_Driver/Src/stm32f7xx_hal_gpio.c.obj
 .rodata._DoInit.str1.1
                0x080021c5       0x14 CMakeFiles/LLVM_Testing_Program.elf.dir/Middleware/Third_Party/SEGGER/SEGGER_RTT.c.obj
 .rodata._abSync
                0x080021c5        0xa CMakeFiles/LLVM_Testing_Program.elf.dir/Middleware/Third_Party/SEGGER/SEGGER_SYSVIEW.c.obj
                0x0800222c                        . = ALIGN (0x4)
 *fill*         0x080021cf        0x1 

.ARM.extab
 *(.ARM.extab* .gnu.linkonce.armextab.*)

.ARM            0x080021d0        0x8
                0x080021d0                        __exidx_start = .
 *(.ARM.exidx*)
 .ARM.exidx     0x080021d0        0x8 C:/ST/STM32CubeCLT_1.21.0/GNU-tools-for-STM32/bin/../lib/gcc/arm-none-eabi/14.3.1/../../../../arm-none-eabi/lib/thumb/v7e-m+dp/hard\libc_nano.a(libc_a-strlen.o)
                0x080021d8                        __exidx_end = .

.rel.dyn        0x080021d8        0x0
 .rel.iplt      0x080021d8        0x0 C:/ST/STM32CubeCLT_1.21.0/GNU-tools-for-STM32/bin/../lib/gcc/arm-none-eabi/14.3.1/thumb/v7e-m+dp/hard/crtbegin.o

.preinit_array  0x080021d8        0x0
                0x080021d8                        PROVIDE (__preinit_array_start = .)
 *(.preinit_array*)
                0x080021d8                        PROVIDE (__preinit_array_end = .)

.init_array     0x080021d8        0x4
                0x080021d8                        PROVIDE (__init_array_start = .)
 *(SORT_BY_NAME(.init_array.*))
 *(.init_array*)
 .init_array    0x080021d8        0x4 C:/ST/STM32CubeCLT_1.21.0/GNU-tools-for-STM32/bin/../lib/gcc/arm-none-eabi/14.3.1/thumb/v7e-m+dp/hard/crtbegin.o
                0x080021dc                        PROVIDE (__init_array_end = .)

.fini_array     0x080021dc        0x4
                [!provide]                        PROVIDE (__fini_array_start = .)
 *(SORT_BY_NAME(.fini_array.*))
 *(.fini_array*)
 .fini_array    0x080021dc        0x4 C:/ST/STM32CubeCLT_1.21.0/GNU-tools-for-STM32/bin/../lib/gcc/arm-none-eabi/14.3.1/thumb/v7e-m+dp/hard/crtbegin.o
                [!provide]                        PROVIDE (__fini_array_end = .)
                0x080021e0                        _sidata = LOADADDR (.data)

.data           0x20000000        0xc load address 0x080021e0
                0x20000000                        . = ALIGN (0x4)
                0x20000000                        _sdata = .
 *(.data)
 *(.data*)
 .data.SystemCoreClock
                0x20000000        0x4 CMakeFiles/LLVM_Testing_Program.elf.dir/Src/system_stm32f7xx.c.obj
                0x20000000                SystemCoreClock
 .data.uwTickFreq
                0x20000004        0x1 CMakeFiles/LLVM_Testing_Program.elf.dir/Drivers/STM32F7xx_HAL_Driver/Src/stm32f7xx_hal.c.obj
                0x20000004                uwTickFreq
 *fill*         0x20000005        0x3 
 .data.uwTickPrio
                0x20000008        0x4 CMakeFiles/LLVM_Testing_Program.elf.dir/Drivers/STM32F7xx_HAL_Driver/Src/stm32f7xx_hal.c.obj
                0x20000008                uwTickPrio
                0x2000000c                        . = ALIGN (0x4)
                0x2000000c                        _edata = .

.igot.plt       0x2000000c        0x0 load address 0x080021ec
 .igot.plt      0x2000000c        0x0 C:/ST/STM32CubeCLT_1.21.0/GNU-tools-for-STM32/bin/../lib/gcc/arm-none-eabi/14.3.1/thumb/v7e-m+dp/hard/crtbegin.o
                0x2000000c                        . = ALIGN (0x4)

.bss            0x2000000c      0xadc load address 0x080021ec
                0x2000000c                        _sbss = .
                0x2000000c                        __bss_start__ = _sbss
 *(.bss)
 .bss           0x2000000c       0x1c C:/ST/STM32CubeCLT_1.21.0/GNU-tools-for-STM32/bin/../lib/gcc/arm-none-eabi/14.3.1/thumb/v7e-m+dp/hard/crtbegin.o
 *(.bss*)
 .bss.hspi1     0x20000028       0x64 CMakeFiles/LLVM_Testing_Program.elf.dir/Src/LLVM_Main.c.obj
                0x20000028                hspi1
 .bss.uwTick    0x2000008c        0x4 CMakeFiles/LLVM_Testing_Program.elf.dir/Drivers/STM32F7xx_HAL_Driver/Src/stm32f7xx_hal.c.obj
                0x2000008c                uwTick
 .bss.uxSchedulerSuspended
                0x20000090        0x4 CMakeFiles/LLVM_Testing_Program.elf.dir/Middleware/Third_Party/FreeRTOS/Source/tasks.c.obj
 .bss.xIdleTaskHandle
                0x20000094        0x4 CMakeFiles/LLVM_Testing_Program.elf.dir/Middleware/Third_Party/FreeRTOS/Source/tasks.c.obj
 .bss.xNextTaskUnblockTime
                0x20000098        0x4 CMakeFiles/LLVM_Testing_Program.elf.dir/Middleware/Third_Party/FreeRTOS/Source/tasks.c.obj
 .bss.xNumOfOverflows
                0x2000009c        0x4 CMakeFiles/LLVM_Testing_Program.elf.dir/Middleware/Third_Party/FreeRTOS/Source/tasks.c.obj
 .bss.xYieldPending
                0x200000a0        0x4 CMakeFiles/LLVM_Testing_Program.elf.dir/Middleware/Third_Party/FreeRTOS/Source/tasks.c.obj
 .bss.uxPendedTicks
                0x200000a4        0x4 CMakeFiles/LLVM_Testing_Program.elf.dir/Middleware/Third_Party/FreeRTOS/Source/tasks.c.obj
 .bss.xSchedulerRunning
                0x200000a8        0x4 CMakeFiles/LLVM_Testing_Program.elf.dir/Middleware/Third_Party/FreeRTOS/Source/tasks.c.obj
 .bss.uxTopReadyPriority
                0x200000ac        0x4 CMakeFiles/LLVM_Testing_Program.elf.dir/Middleware/Third_Party/FreeRTOS/Source/tasks.c.obj
 .bss.xTickCount
                0x200000b0        0x4 CMakeFiles/LLVM_Testing_Program.elf.dir/Middleware/Third_Party/FreeRTOS/Source/tasks.c.obj
 .bss.pxOverflowDelayedTaskList
                0x200000b4        0x4 CMakeFiles/LLVM_Testing_Program.elf.dir/Middleware/Third_Party/FreeRTOS/Source/tasks.c.obj
 .bss.pxDelayedTaskList
                0x200000b8        0x4 CMakeFiles/LLVM_Testing_Program.elf.dir/Middleware/Third_Party/FreeRTOS/Source/tasks.c.obj
 .bss.pxReadyTasksLists
                0x200000bc      0x460 CMakeFiles/LLVM_Testing_Program.elf.dir/Middleware/Third_Party/FreeRTOS/Source/tasks.c.obj
 .bss.pxCurrentTCB
                0x2000051c        0x4 CMakeFiles/LLVM_Testing_Program.elf.dir/Middleware/Third_Party/FreeRTOS/Source/tasks.c.obj
                0x2000051c                pxCurrentTCB
 .bss._acDownBuffer
                0x20000520       0x10 CMakeFiles/LLVM_Testing_Program.elf.dir/Middleware/Third_Party/SEGGER/SEGGER_RTT.c.obj
 .bss._acUpBuffer
                0x20000530      0x400 CMakeFiles/LLVM_Testing_Program.elf.dir/Middleware/Third_Party/SEGGER/SEGGER_RTT.c.obj
 .bss._SEGGER_RTT
                0x20000930       0xa8 CMakeFiles/LLVM_Testing_Program.elf.dir/Middleware/Third_Party/SEGGER/SEGGER_RTT.c.obj
                0x20000930                _SEGGER_RTT
 .bss._aPacket  0x200009d8       0xe3 CMakeFiles/LLVM_Testing_Program.elf.dir/Middleware/Third_Party/SEGGER/SEGGER_SYSVIEW.c.obj
 .bss._NumModules
                0x20000abb        0x1 CMakeFiles/LLVM_Testing_Program.elf.dir/Middleware/Third_Party/SEGGER/SEGGER_SYSVIEW.c.obj
 .bss._pFirstModule
                0x20000abc        0x4 CMakeFiles/LLVM_Testing_Program.elf.dir/Middleware/Third_Party/SEGGER/SEGGER_SYSVIEW.c.obj
 .bss._SYSVIEW_Globals
                0x20000ac0       0x28 CMakeFiles/LLVM_Testing_Program.elf.dir/Middleware/Third_Party/SEGGER/SEGGER_SYSVIEW.c.obj
 *(COMMON)
                0x20000ae8                        . = ALIGN (0x4)
                0x20000ae8                        _ebss = .
                0x20000ae8                        __bss_end__ = _ebss

._user_heap_stack
                0x20000ae8      0x600 load address 0x080021ec
                0x20000ae8                        . = ALIGN (0x4)
                0x20000ae8                        PROVIDE (end = .)
                [!provide]                        PROVIDE (_end = .)
                0x20000ce8                        . = (. + _Min_Heap_Size)
 *fill*         0x20000ae8      0x200 
                0x200010e8                        . = (. + _Min_Stack_Size)
 *fill*         0x20000ce8      0x400 
                0x200010e8                        . = ALIGN (0x4)

/DISCARD/
 libc.a(*)
 libm.a(*)
 libgcc.a(*)

.ARM.attributes
                0x00000000       0x2e
 *(.ARM.attributes)
 .ARM.attributes
                0x00000000       0x20 C:/ST/STM32CubeCLT_1.21.0/GNU-tools-for-STM32/bin/../lib/gcc/arm-none-eabi/14.3.1/thumb/v7e-m+dp/hard/crti.o
 .ARM.attributes
                0x00000020       0x32 C:/ST/STM32CubeCLT_1.21.0/GNU-tools-for-STM32/bin/../lib/gcc/arm-none-eabi/14.3.1/thumb/v7e-m+dp/hard/crtbegin.o
 .ARM.attributes
                0x00000052       0x32 C:/ST/STM32CubeCLT_1.21.0/GNU-tools-for-STM32/bin/../lib/gcc/arm-none-eabi/14.3.1/../../../../arm-none-eabi/lib/thumb/v7e-m+dp/hard\libc_nano.a(libc_a-memset.o)
 .ARM.attributes
                0x00000084       0x32 C:/ST/STM32CubeCLT_1.21.0/GNU-tools-for-STM32/bin/../lib/gcc/arm-none-eabi/14.3.1/../../../../arm-none-eabi/lib/thumb/v7e-m+dp/hard\libc_nano.a(libc_a-init.o)
 .ARM.attributes
                0x000000b6       0x32 CMakeFiles/LLVM_Testing_Program.elf.dir/Src/LLVM_Main.c.obj
 .ARM.attributes
                0x000000e8       0x32 CMakeFiles/LLVM_Testing_Program.elf.dir/Src/stm32f7xx_hal_msp.c.obj
 .ARM.attributes
                0x0000011a       0x32 CMakeFiles/LLVM_Testing_Program.elf.dir/Src/stm32f7xx_it.c.obj
 .ARM.attributes
                0x0000014c       0x32 CMakeFiles/LLVM_Testing_Program.elf.dir/Src/system_stm32f7xx.c.obj
 .ARM.attributes
                0x0000017e       0x32 CMakeFiles/LLVM_Testing_Program.elf.dir/Inc/stm32f7xx_hal_spi.c.obj
 .ARM.attributes
                0x000001b0       0x32 CMakeFiles/LLVM_Testing_Program.elf.dir/BSP/Nucleo_F767ZI_Init.c.obj
 .ARM.attributes
                0x000001e2       0x32 CMakeFiles/LLVM_Testing_Program.elf.dir/Drivers/STM32F7xx_HAL_Driver/Src/stm32f7xx_hal.c.obj
 .ARM.attributes
                0x00000214       0x32 CMakeFiles/LLVM_Testing_Program.elf.dir/Drivers/STM32F7xx_HAL_Driver/Src/stm32f7xx_hal_cortex.c.obj
 .ARM.attributes
                0x00000246       0x32 CMakeFiles/LLVM_Testing_Program.elf.dir/Drivers/STM32F7xx_HAL_Driver/Src/stm32f7xx_hal_gpio.c.obj
 .ARM.attributes
                0x00000278       0x32 CMakeFiles/LLVM_Testing_Program.elf.dir/Middleware/Third_Party/FreeRTOS/Source/list.c.obj
 .ARM.attributes
                0x000002aa       0x32 CMakeFiles/LLVM_Testing_Program.elf.dir/Middleware/Third_Party/FreeRTOS/Source/tasks.c.obj
 .ARM.attributes
                0x000002dc       0x32 CMakeFiles/LLVM_Testing_Program.elf.dir/Middleware/Third_Party/FreeRTOS/Source/CMSIS_RTOS_V2/cmsis_os2.c.obj
 .ARM.attributes
                0x0000030e       0x32 CMakeFiles/LLVM_Testing_Program.elf.dir/Middleware/Third_Party/FreeRTOS/Source/portable/GCC/ARM_CM7/r0p1/port.c.obj
 .ARM.attributes
                0x00000340       0x32 CMakeFiles/LLVM_Testing_Program.elf.dir/Middleware/Third_Party/SEGGER/SEGGER_RTT.c.obj
 .ARM.attributes
                0x00000372       0x32 CMakeFiles/LLVM_Testing_Program.elf.dir/Middleware/Third_Party/SEGGER/SEGGER_SYSVIEW.c.obj
 .ARM.attributes
                0x000003a4       0x1e CMakeFiles/LLVM_Testing_Program.elf.dir/Middleware/Third_Party/SEGGER/SEGGER_RTT_ASM_ARMv7M.S.obj
 .ARM.attributes
                0x000003c2       0x21 CMakeFiles/LLVM_Testing_Program.elf.dir/startup/startup_stm32f767xx.s.obj
 .ARM.attributes
                0x000003e3       0x32 C:/ST/STM32CubeCLT_1.21.0/GNU-tools-for-STM32/bin/../lib/gcc/arm-none-eabi/14.3.1/../../../../arm-none-eabi/lib/thumb/v7e-m+dp/hard\libc_nano.a(libc_a-strcpy.o)
 .ARM.attributes
                0x00000415       0x32 C:/ST/STM32CubeCLT_1.21.0/GNU-tools-for-STM32/bin/../lib/gcc/arm-none-eabi/14.3.1/../../../../arm-none-eabi/lib/thumb/v7e-m+dp/hard\libc_nano.a(libc_a-memcpy-stub.o)
 .ARM.attributes
                0x00000447       0x17 C:/ST/STM32CubeCLT_1.21.0/GNU-tools-for-STM32/bin/../lib/gcc/arm-none-eabi/14.3.1/../../../../arm-none-eabi/lib/thumb/v7e-m+dp/hard\libc_nano.a(libc_a-strlen.o)
 .ARM.attributes
                0x0000045e       0x20 C:/ST/STM32CubeCLT_1.21.0/GNU-tools-for-STM32/bin/../lib/gcc/arm-none-eabi/14.3.1/thumb/v7e-m+dp/hard/crtn.o
OUTPUT(LLVM_Testing_Program.elf elf32-littlearm)
LOAD linker stubs
LOAD C:/ST/STM32CubeCLT_1.21.0/GNU-tools-for-STM32/bin/../lib/gcc/arm-none-eabi/14.3.1/../../../../arm-none-eabi/lib/thumb/v7e-m+dp/hard\libc.a
LOAD C:/ST/STM32CubeCLT_1.21.0/GNU-tools-for-STM32/bin/../lib/gcc/arm-none-eabi/14.3.1/../../../../arm-none-eabi/lib/thumb/v7e-m+dp/hard\libm.a
LOAD C:/ST/STM32CubeCLT_1.21.0/GNU-tools-for-STM32/bin/../lib/gcc/arm-none-eabi/14.3.1/thumb/v7e-m+dp/hard\libgcc.a

.debug_frame    0x00000000     0x27f8
 .debug_frame   0x00000000       0x20 C:/ST/STM32CubeCLT_1.21.0/GNU-tools-for-STM32/bin/../lib/gcc/arm-none-eabi/14.3.1/../../../../arm-none-eabi/lib/thumb/v7e-m+dp/hard\libc_nano.a(libc_a-memset.o)
 .debug_frame   0x00000020       0x2c C:/ST/STM32CubeCLT_1.21.0/GNU-tools-for-STM32/bin/../lib/gcc/arm-none-eabi/14.3.1/../../../../arm-none-eabi/lib/thumb/v7e-m+dp/hard\libc_nano.a(libc_a-init.o)
 .debug_frame   0x0000004c       0xd8 CMakeFiles/LLVM_Testing_Program.elf.dir/Src/LLVM_Main.c.obj
 .debug_frame   0x00000124       0x58 CMakeFiles/LLVM_Testing_Program.elf.dir/Src/stm32f7xx_hal_msp.c.obj
 .debug_frame   0x0000017c       0x90 CMakeFiles/LLVM_Testing_Program.elf.dir/Src/stm32f7xx_it.c.obj
 .debug_frame   0x0000020c       0x30 CMakeFiles/LLVM_Testing_Program.elf.dir/Src/system_stm32f7xx.c.obj
 .debug_frame   0x0000023c      0x5c8 CMakeFiles/LLVM_Testing_Program.elf.dir/Inc/stm32f7xx_hal_spi.c.obj
 .debug_frame   0x00000804       0x90 CMakeFiles/LLVM_Testing_Program.elf.dir/BSP/Nucleo_F767ZI_Init.c.obj
 .debug_frame   0x00000894      0x230 CMakeFiles/LLVM_Testing_Program.elf.dir/Drivers/STM32F7xx_HAL_Driver/Src/stm32f7xx_hal.c.obj
 .debug_frame   0x00000ac4      0x17c CMakeFiles/LLVM_Testing_Program.elf.dir/Drivers/STM32F7xx_HAL_Driver/Src/stm32f7xx_hal_cortex.c.obj
 .debug_frame   0x00000c40      0x100 CMakeFiles/LLVM_Testing_Program.elf.dir/Drivers/STM32F7xx_HAL_Driver/Src/stm32f7xx_hal_gpio.c.obj
 .debug_frame   0x00000d40       0x6c CMakeFiles/LLVM_Testing_Program.elf.dir/Middleware/Third_Party/FreeRTOS/Source/list.c.obj
 .debug_frame   0x00000dac      0x6cc CMakeFiles/LLVM_Testing_Program.elf.dir/Middleware/Third_Party/FreeRTOS/Source/tasks.c.obj
 .debug_frame   0x00001478      0x688 CMakeFiles/LLVM_Testing_Program.elf.dir/Middleware/Third_Party/FreeRTOS/Source/CMSIS_RTOS_V2/cmsis_os2.c.obj
 .debug_frame   0x00001b00      0x100 CMakeFiles/LLVM_Testing_Program.elf.dir/Middleware/Third_Party/FreeRTOS/Source/portable/GCC/ARM_CM7/r0p1/port.c.obj
 .debug_frame   0x00001c00      0x37c CMakeFiles/LLVM_Testing_Program.elf.dir/Middleware/Third_Party/SEGGER/SEGGER_RTT.c.obj
 .debug_frame   0x00001f7c      0x814 CMakeFiles/LLVM_Testing_Program.elf.dir/Middleware/Third_Party/SEGGER/SEGGER_SYSVIEW.c.obj
 .debug_frame   0x00002790       0x20 C:/ST/STM32CubeCLT_1.21.0/GNU-tools-for-STM32/bin/../lib/gcc/arm-none-eabi/14.3.1/../../../../arm-none-eabi/lib/thumb/v7e-m+dp/hard\libc_nano.a(libc_a-strcpy.o)
 .debug_frame   0x000027b0       0x28 C:/ST/STM32CubeCLT_1.21.0/GNU-tools-for-STM32/bin/../lib/gcc/arm-none-eabi/14.3.1/../../../../arm-none-eabi/lib/thumb/v7e-m+dp/hard\libc_nano.a(libc_a-memcpy-stub.o)
 .debug_frame   0x000027d8       0x20 C:/ST/STM32CubeCLT_1.21.0/GNU-tools-for-STM32/bin/../lib/gcc/arm-none-eabi/14.3.1/../../../../arm-none-eabi/lib/thumb/v7e-m+dp/hard\libc_nano.a(libc_a-strlen.o)

.debug_info     0x00000000    0x180ba
 .debug_info    0x00000000     0x1e31 CMakeFiles/LLVM_Testing_Program.elf.dir/Src/LLVM_Main.c.obj
 .debug_info    0x00001e31      0x9e0 CMakeFiles/LLVM_Testing_Program.elf.dir/Src/stm32f7xx_hal_msp.c.obj
 .debug_info    0x00002811      0x13a CMakeFiles/LLVM_Testing_Program.elf.dir/Src/stm32f7xx_it.c.obj
 .debug_info    0x0000294b      0x706 CMakeFiles/LLVM_Testing_Program.elf.dir/Src/system_stm32f7xx.c.obj
 .debug_info    0x00003051     0x2412 CMakeFiles/LLVM_Testing_Program.elf.dir/Inc/stm32f7xx_hal_spi.c.obj
 .debug_info    0x00005463     0x1229 CMakeFiles/LLVM_Testing_Program.elf.dir/BSP/Nucleo_F767ZI_Init.c.obj
 .debug_info    0x0000668c      0xb68 CMakeFiles/LLVM_Testing_Program.elf.dir/Drivers/STM32F7xx_HAL_Driver/Src/stm32f7xx_hal.c.obj
 .debug_info    0x000071f4     0x14cb CMakeFiles/LLVM_Testing_Program.elf.dir/Drivers/STM32F7xx_HAL_Driver/Src/stm32f7xx_hal_cortex.c.obj
 .debug_info    0x000086bf      0x8d3 CMakeFiles/LLVM_Testing_Program.elf.dir/Drivers/STM32F7xx_HAL_Driver/Src/stm32f7xx_hal_gpio.c.obj
 .debug_info    0x00008f92      0x2c3 CMakeFiles/LLVM_Testing_Program.elf.dir/Middleware/Third_Party/FreeRTOS/Source/list.c.obj
 .debug_info    0x00009255     0x3936 CMakeFiles/LLVM_Testing_Program.elf.dir/Middleware/Third_Party/FreeRTOS/Source/tasks.c.obj
 .debug_info    0x0000cb8b     0x4c78 CMakeFiles/LLVM_Testing_Program.elf.dir/Middleware/Third_Party/FreeRTOS/Source/CMSIS_RTOS_V2/cmsis_os2.c.obj
 .debug_info    0x00011803      0x56a CMakeFiles/LLVM_Testing_Program.elf.dir/Middleware/Third_Party/FreeRTOS/Source/portable/GCC/ARM_CM7/r0p1/port.c.obj
 .debug_info    0x00011d6d     0x14b8 CMakeFiles/LLVM_Testing_Program.elf.dir/Middleware/Third_Party/SEGGER/SEGGER_RTT.c.obj
 .debug_info    0x00013225     0x4e40 CMakeFiles/LLVM_Testing_Program.elf.dir/Middleware/Third_Party/SEGGER/SEGGER_SYSVIEW.c.obj
 .debug_info    0x00018065       0x25 CMakeFiles/LLVM_Testing_Program.elf.dir/Middleware/Third_Party/SEGGER/SEGGER_RTT_ASM_ARMv7M.S.obj
 .debug_info    0x0001808a       0x30 CMakeFiles/LLVM_Testing_Program.elf.dir/startup/startup_stm32f767xx.s.obj

.debug_abbrev   0x00000000     0x2ced
 .debug_abbrev  0x00000000      0x3fd CMakeFiles/LLVM_Testing_Program.elf.dir/Src/LLVM_Main.c.obj
 .debug_abbrev  0x000003fd      0x1d0 CMakeFiles/LLVM_Testing_Program.elf.dir/Src/stm32f7xx_hal_msp.c.obj
 .debug_abbrev  0x000005cd       0xe1 CMakeFiles/LLVM_Testing_Program.elf.dir/Src/stm32f7xx_it.c.obj
 .debug_abbrev  0x000006ae      0x141 CMakeFiles/LLVM_Testing_Program.elf.dir/Src/system_stm32f7xx.c.obj
 .debug_abbrev  0x000007ef      0x36d CMakeFiles/LLVM_Testing_Program.elf.dir/Inc/stm32f7xx_hal_spi.c.obj
 .debug_abbrev  0x00000b5c      0x327 CMakeFiles/LLVM_Testing_Program.elf.dir/BSP/Nucleo_F767ZI_Init.c.obj
 .debug_abbrev  0x00000e83      0x28b CMakeFiles/LLVM_Testing_Program.elf.dir/Drivers/STM32F7xx_HAL_Driver/Src/stm32f7xx_hal.c.obj
 .debug_abbrev  0x0000110e      0x3d8 CMakeFiles/LLVM_Testing_Program.elf.dir/Drivers/STM32F7xx_HAL_Driver/Src/stm32f7xx_hal_cortex.c.obj
 .debug_abbrev  0x000014e6      0x234 CMakeFiles/LLVM_Testing_Program.elf.dir/Drivers/STM32F7xx_HAL_Driver/Src/stm32f7xx_hal_gpio.c.obj
 .debug_abbrev  0x0000171a      0x10c CMakeFiles/LLVM_Testing_Program.elf.dir/Middleware/Third_Party/FreeRTOS/Source/list.c.obj
 .debug_abbrev  0x00001826      0x4e9 CMakeFiles/LLVM_Testing_Program.elf.dir/Middleware/Third_Party/FreeRTOS/Source/tasks.c.obj
 .debug_abbrev  0x00001d0f      0x587 CMakeFiles/LLVM_Testing_Program.elf.dir/Middleware/Third_Party/FreeRTOS/Source/CMSIS_RTOS_V2/cmsis_os2.c.obj
 .debug_abbrev  0x00002296      0x2dd CMakeFiles/LLVM_Testing_Program.elf.dir/Middleware/Third_Party/FreeRTOS/Source/portable/GCC/ARM_CM7/r0p1/port.c.obj
 .debug_abbrev  0x00002573      0x2db CMakeFiles/LLVM_Testing_Program.elf.dir/Middleware/Third_Party/SEGGER/SEGGER_RTT.c.obj
 .debug_abbrev  0x0000284e      0x467 CMakeFiles/LLVM_Testing_Program.elf.dir/Middleware/Third_Party/SEGGER/SEGGER_SYSVIEW.c.obj
 .debug_abbrev  0x00002cb5       0x14 CMakeFiles/LLVM_Testing_Program.elf.dir/Middleware/Third_Party/SEGGER/SEGGER_RTT_ASM_ARMv7M.S.obj
 .debug_abbrev  0x00002cc9       0x24 CMakeFiles/LLVM_Testing_Program.elf.dir/startup/startup_stm32f767xx.s.obj

.debug_loclists
                0x00000000     0xbf40
 .debug_loclists
                0x00000000      0x72d CMakeFiles/LLVM_Testing_Program.elf.dir/Src/LLVM_Main.c.obj
 .debug_loclists
                0x0000072d       0x54 CMakeFiles/LLVM_Testing_Program.elf.dir/Src/stm32f7xx_hal_msp.c.obj
 .debug_loclists
                0x00000781       0xc4 CMakeFiles/LLVM_Testing_Program.elf.dir/Src/system_stm32f7xx.c.obj
 .debug_loclists
                0x00000845      0xf84 CMakeFiles/LLVM_Testing_Program.elf.dir/Inc/stm32f7xx_hal_spi.c.obj
 .debug_loclists
                0x000017c9       0x71 CMakeFiles/LLVM_Testing_Program.elf.dir/BSP/Nucleo_F767ZI_Init.c.obj
 .debug_loclists
                0x0000183a       0xaf CMakeFiles/LLVM_Testing_Program.elf.dir/Drivers/STM32F7xx_HAL_Driver/Src/stm32f7xx_hal.c.obj
 .debug_loclists
                0x000018e9      0x58a CMakeFiles/LLVM_Testing_Program.elf.dir/Drivers/STM32F7xx_HAL_Driver/Src/stm32f7xx_hal_cortex.c.obj
 .debug_loclists
                0x00001e73      0x427 CMakeFiles/LLVM_Testing_Program.elf.dir/Drivers/STM32F7xx_HAL_Driver/Src/stm32f7xx_hal_gpio.c.obj
 .debug_loclists
                0x0000229a       0x77 CMakeFiles/LLVM_Testing_Program.elf.dir/Middleware/Third_Party/FreeRTOS/Source/list.c.obj
 .debug_loclists
                0x00002311     0x1660 CMakeFiles/LLVM_Testing_Program.elf.dir/Middleware/Third_Party/FreeRTOS/Source/tasks.c.obj
 .debug_loclists
                0x00003971     0x2920 CMakeFiles/LLVM_Testing_Program.elf.dir/Middleware/Third_Party/FreeRTOS/Source/CMSIS_RTOS_V2/cmsis_os2.c.obj
 .debug_loclists
                0x00006291       0x77 CMakeFiles/LLVM_Testing_Program.elf.dir/Middleware/Third_Party/FreeRTOS/Source/portable/GCC/ARM_CM7/r0p1/port.c.obj
 .debug_loclists
                0x00006308      0xe80 CMakeFiles/LLVM_Testing_Program.elf.dir/Middleware/Third_Party/SEGGER/SEGGER_RTT.c.obj
 .debug_loclists
                0x00007188     0x4db8 CMakeFiles/LLVM_Testing_Program.elf.dir/Middleware/Third_Party/SEGGER/SEGGER_SYSVIEW.c.obj

.debug_aranges  0x00000000      0xda0
 .debug_aranges
                0x00000000       0x50 CMakeFiles/LLVM_Testing_Program.elf.dir/Src/LLVM_Main.c.obj
 .debug_aranges
                0x00000050       0x30 CMakeFiles/LLVM_Testing_Program.elf.dir/Src/stm32f7xx_hal_msp.c.obj
 .debug_aranges
                0x00000080       0x50 CMakeFiles/LLVM_Testing_Program.elf.dir/Src/stm32f7xx_it.c.obj
 .debug_aranges
                0x000000d0       0x28 CMakeFiles/LLVM_Testing_Program.elf.dir/Src/system_stm32f7xx.c.obj
 .debug_aranges
                0x000000f8      0x1d8 CMakeFiles/LLVM_Testing_Program.elf.dir/Inc/stm32f7xx_hal_spi.c.obj
 .debug_aranges
                0x000002d0       0x40 CMakeFiles/LLVM_Testing_Program.elf.dir/BSP/Nucleo_F767ZI_Init.c.obj
 .debug_aranges
                0x00000310      0x110 CMakeFiles/LLVM_Testing_Program.elf.dir/Drivers/STM32F7xx_HAL_Driver/Src/stm32f7xx_hal.c.obj
 .debug_aranges
                0x00000420       0xa8 CMakeFiles/LLVM_Testing_Program.elf.dir/Drivers/STM32F7xx_HAL_Driver/Src/stm32f7xx_hal_cortex.c.obj
 .debug_aranges
                0x000004c8       0x58 CMakeFiles/LLVM_Testing_Program.elf.dir/Drivers/STM32F7xx_HAL_Driver/Src/stm32f7xx_hal_gpio.c.obj
 .debug_aranges
                0x00000520       0x40 CMakeFiles/LLVM_Testing_Program.elf.dir/Middleware/Third_Party/FreeRTOS/Source/list.c.obj
 .debug_aranges
                0x00000560      0x1f0 CMakeFiles/LLVM_Testing_Program.elf.dir/Middleware/Third_Party/FreeRTOS/Source/tasks.c.obj
 .debug_aranges
                0x00000750      0x238 CMakeFiles/LLVM_Testing_Program.elf.dir/Middleware/Third_Party/FreeRTOS/Source/CMSIS_RTOS_V2/cmsis_os2.c.obj
 .debug_aranges
                0x00000988       0x80 CMakeFiles/LLVM_Testing_Program.elf.dir/Middleware/Third_Party/FreeRTOS/Source/portable/GCC/ARM_CM7/r0p1/port.c.obj
 .debug_aranges
                0x00000a08      0x108 CMakeFiles/LLVM_Testing_Program.elf.dir/Middleware/Third_Party/SEGGER/SEGGER_RTT.c.obj
 .debug_aranges
                0x00000b10      0x248 CMakeFiles/LLVM_Testing_Program.elf.dir/Middleware/Third_Party/SEGGER/SEGGER_SYSVIEW.c.obj
 .debug_aranges
                0x00000d58       0x20 CMakeFiles/LLVM_Testing_Program.elf.dir/Middleware/Third_Party/SEGGER/SEGGER_RTT_ASM_ARMv7M.S.obj
 .debug_aranges
                0x00000d78       0x28 CMakeFiles/LLVM_Testing_Program.elf.dir/startup/startup_stm32f767xx.s.obj

.debug_rnglists
                0x00000000     0x1684
 .debug_rnglists
                0x00000000      0x108 CMakeFiles/LLVM_Testing_Program.elf.dir/Src/LLVM_Main.c.obj
 .debug_rnglists
                0x00000108       0x43 CMakeFiles/LLVM_Testing_Program.elf.dir/Src/stm32f7xx_hal_msp.c.obj
 .debug_rnglists
                0x0000014b       0x37 CMakeFiles/LLVM_Testing_Program.elf.dir/Src/stm32f7xx_it.c.obj
 .debug_rnglists
                0x00000182       0x19 CMakeFiles/LLVM_Testing_Program.elf.dir/Src/system_stm32f7xx.c.obj
 .debug_rnglists
                0x0000019b      0x1a2 CMakeFiles/LLVM_Testing_Program.elf.dir/Inc/stm32f7xx_hal_spi.c.obj
 .debug_rnglists
                0x0000033d       0x76 CMakeFiles/LLVM_Testing_Program.elf.dir/BSP/Nucleo_F767ZI_Init.c.obj
 .debug_rnglists
                0x000003b3       0xc7 CMakeFiles/LLVM_Testing_Program.elf.dir/Drivers/STM32F7xx_HAL_Driver/Src/stm32f7xx_hal.c.obj
 .debug_rnglists
                0x0000047a       0xde CMakeFiles/LLVM_Testing_Program.elf.dir/Drivers/STM32F7xx_HAL_Driver/Src/stm32f7xx_hal_cortex.c.obj
 .debug_rnglists
                0x00000558       0x4e CMakeFiles/LLVM_Testing_Program.elf.dir/Drivers/STM32F7xx_HAL_Driver/Src/stm32f7xx_hal_gpio.c.obj
 .debug_rnglists
                0x000005a6       0x2b CMakeFiles/LLVM_Testing_Program.elf.dir/Middleware/Third_Party/FreeRTOS/Source/list.c.obj
 .debug_rnglists
                0x000005d1      0x280 CMakeFiles/LLVM_Testing_Program.elf.dir/Middleware/Third_Party/FreeRTOS/Source/tasks.c.obj
 .debug_rnglists
                0x00000851      0x2e7 CMakeFiles/LLVM_Testing_Program.elf.dir/Middleware/Third_Party/FreeRTOS/Source/CMSIS_RTOS_V2/cmsis_os2.c.obj
 .debug_rnglists
                0x00000b38       0x77 CMakeFiles/LLVM_Testing_Program.elf.dir/Middleware/Third_Party/FreeRTOS/Source/portable/GCC/ARM_CM7/r0p1/port.c.obj
 .debug_rnglists
                0x00000baf       0xec CMakeFiles/LLVM_Testing_Program.elf.dir/Middleware/Third_Party/SEGGER/SEGGER_RTT.c.obj
 .debug_rnglists
                0x00000c9b      0x9d0 CMakeFiles/LLVM_Testing_Program.elf.dir/Middleware/Third_Party/SEGGER/SEGGER_SYSVIEW.c.obj
 .debug_rnglists
                0x0000166b       0x19 CMakeFiles/LLVM_Testing_Program.elf.dir/startup/startup_stm32f767xx.s.obj

.debug_macro    0x00000000    0x29a70
 .debug_macro   0x00000000      0x2b0 CMakeFiles/LLVM_Testing_Program.elf.dir/Src/LLVM_Main.c.obj
 .debug_macro   0x000002b0      0xaf6 CMakeFiles/LLVM_Testing_Program.elf.dir/Src/LLVM_Main.c.obj
 .debug_macro   0x00000da6      0x1b0 CMakeFiles/LLVM_Testing_Program.elf.dir/Src/LLVM_Main.c.obj
 .debug_macro   0x00000f56       0x2e CMakeFiles/LLVM_Testing_Program.elf.dir/Src/LLVM_Main.c.obj
 .debug_macro   0x00000f84       0x3b CMakeFiles/LLVM_Testing_Program.elf.dir/Src/LLVM_Main.c.obj
 .debug_macro   0x00000fbf       0x22 CMakeFiles/LLVM_Testing_Program.elf.dir/Src/LLVM_Main.c.obj
 .debug_macro   0x00000fe1       0x8e CMakeFiles/LLVM_Testing_Program.elf.dir/Src/LLVM_Main.c.obj
 .debug_macro   0x0000106f       0x51 CMakeFiles/LLVM_Testing_Program.elf.dir/Src/LLVM_Main.c.obj
 .debug_macro   0x000010c0      0x103 CMakeFiles/LLVM_Testing_Program.elf.dir/Src/LLVM_Main.c.obj
 .debug_macro   0x000011c3       0x6a CMakeFiles/LLVM_Testing_Program.elf.dir/Src/LLVM_Main.c.obj
 .debug_macro   0x0000122d      0x1df CMakeFiles/LLVM_Testing_Program.elf.dir/Src/LLVM_Main.c.obj
 .debug_macro   0x0000140c       0x1c CMakeFiles/LLVM_Testing_Program.elf.dir/Src/LLVM_Main.c.obj
 .debug_macro   0x00001428       0x22 CMakeFiles/LLVM_Testing_Program.elf.dir/Src/LLVM_Main.c.obj
 .debug_macro   0x0000144a       0xd9 CMakeFiles/LLVM_Testing_Program.elf.dir/Src/LLVM_Main.c.obj
 .debug_macro   0x00001523     0x12cd CMakeFiles/LLVM_Testing_Program.elf.dir/Src/LLVM_Main.c.obj
 .debug_macro   0x000027f0      0x11f CMakeFiles/LLVM_Testing_Program.elf.dir/Src/LLVM_Main.c.obj
 .debug_macro   0x0000290f       0x19 CMakeFiles/LLVM_Testing_Program.elf.dir/Src/LLVM_Main.c.obj
 .debug_macro   0x00002928    0x1a029 CMakeFiles/LLVM_Testing_Program.elf.dir/Src/LLVM_Main.c.obj
 .debug_macro   0x0001c951       0x43 CMakeFiles/LLVM_Testing_Program.elf.dir/Src/LLVM_Main.c.obj
 .debug_macro   0x0001c994     0x363d CMakeFiles/LLVM_Testing_Program.elf.dir/Src/LLVM_Main.c.obj
 .debug_macro   0x0001ffd1      0x190 CMakeFiles/LLVM_Testing_Program.elf.dir/Src/LLVM_Main.c.obj
 .debug_macro   0x00020161       0x61 CMakeFiles/LLVM_Testing_Program.elf.dir/Src/LLVM_Main.c.obj
 .debug_macro   0x000201c2     0x1add CMakeFiles/LLVM_Testing_Program.elf.dir/Src/LLVM_Main.c.obj
 .debug_macro   0x00021c9f      0x6c4 CMakeFiles/LLVM_Testing_Program.elf.dir/Src/LLVM_Main.c.obj
 .debug_macro   0x00022363      0x109 CMakeFiles/LLVM_Testing_Program.elf.dir/Src/LLVM_Main.c.obj
 .debug_macro   0x0002246c      0x117 CMakeFiles/LLVM_Testing_Program.elf.dir/Src/LLVM_Main.c.obj
 .debug_macro   0x00022583      0x26f CMakeFiles/LLVM_Testing_Program.elf.dir/Src/LLVM_Main.c.obj
 .debug_macro   0x000227f2       0x27 CMakeFiles/LLVM_Testing_Program.elf.dir/Src/LLVM_Main.c.obj
 .debug_macro   0x00022819      0x24f CMakeFiles/LLVM_Testing_Program.elf.dir/Src/LLVM_Main.c.obj
 .debug_macro   0x00022a68       0x71 CMakeFiles/LLVM_Testing_Program.elf.dir/Src/LLVM_Main.c.obj
 .debug_macro   0x00022ad9       0x58 CMakeFiles/LLVM_Testing_Program.elf.dir/Src/LLVM_Main.c.obj
 .debug_macro   0x00022b31      0x236 CMakeFiles/LLVM_Testing_Program.elf.dir/Src/LLVM_Main.c.obj
 .debug_macro   0x00022d67      0x408 CMakeFiles/LLVM_Testing_Program.elf.dir/Src/LLVM_Main.c.obj
 .debug_macro   0x0002316f      0x161 CMakeFiles/LLVM_Testing_Program.elf.dir/Src/LLVM_Main.c.obj
 .debug_macro   0x000232d0      0x100 CMakeFiles/LLVM_Testing_Program.elf.dir/Src/LLVM_Main.c.obj
 .debug_macro   0x000233d0      0xccf CMakeFiles/LLVM_Testing_Program.elf.dir/Src/LLVM_Main.c.obj
 .debug_macro   0x0002409f      0x14f CMakeFiles/LLVM_Testing_Program.elf.dir/Src/LLVM_Main.c.obj
 .debug_macro   0x000241ee      0x3dc CMakeFiles/LLVM_Testing_Program.elf.dir/Src/LLVM_Main.c.obj
 .debug_macro   0x000245ca       0x12 CMakeFiles/LLVM_Testing_Program.elf.dir/Src/LLVM_Main.c.obj
 .debug_macro   0x000245dc      0x22c CMakeFiles/LLVM_Testing_Program.elf.dir/Src/LLVM_Main.c.obj
 .debug_macro   0x00024808       0x61 CMakeFiles/LLVM_Testing_Program.elf.dir/Src/LLVM_Main.c.obj
 .debug_macro   0x00024869       0xa5 CMakeFiles/LLVM_Testing_Program.elf.dir/Src/LLVM_Main.c.obj
 .debug_macro   0x0002490e      0x12f CMakeFiles/LLVM_Testing_Program.elf.dir/Src/LLVM_Main.c.obj
 .debug_macro   0x00024a3d      0x108 CMakeFiles/LLVM_Testing_Program.elf.dir/Src/LLVM_Main.c.obj
 .debug_macro   0x00024b45       0x35 CMakeFiles/LLVM_Testing_Program.elf.dir/Src/LLVM_Main.c.obj
 .debug_macro   0x00024b7a      0x2f8 CMakeFiles/LLVM_Testing_Program.elf.dir/Src/LLVM_Main.c.obj
 .debug_macro   0x00024e72      0x9f0 CMakeFiles/LLVM_Testing_Program.elf.dir/Src/LLVM_Main.c.obj
 .debug_macro   0x00025862       0xa9 CMakeFiles/LLVM_Testing_Program.elf.dir/Src/LLVM_Main.c.obj
 .debug_macro   0x0002590b      0x519 CMakeFiles/LLVM_Testing_Program.elf.dir/Src/LLVM_Main.c.obj
 .debug_macro   0x00025e24       0x44 CMakeFiles/LLVM_Testing_Program.elf.dir/Src/LLVM_Main.c.obj
 .debug_macro   0x00025e68      0x217 CMakeFiles/LLVM_Testing_Program.elf.dir/Src/LLVM_Main.c.obj
 .debug_macro   0x0002607f       0xe4 CMakeFiles/LLVM_Testing_Program.elf.dir/Src/LLVM_Main.c.obj
 .debug_macro   0x00026163      0x15c CMakeFiles/LLVM_Testing_Program.elf.dir/Src/LLVM_Main.c.obj
 .debug_macro   0x000262bf      0x13c CMakeFiles/LLVM_Testing_Program.elf.dir/Src/LLVM_Main.c.obj
 .debug_macro   0x000263fb      0x258 CMakeFiles/LLVM_Testing_Program.elf.dir/Src/stm32f7xx_hal_msp.c.obj
 .debug_macro   0x00026653      0x30a CMakeFiles/LLVM_Testing_Program.elf.dir/Src/stm32f7xx_it.c.obj
 .debug_macro   0x0002695d      0x13c CMakeFiles/LLVM_Testing_Program.elf.dir/Src/stm32f7xx_it.c.obj
 .debug_macro   0x00026a99       0x58 CMakeFiles/LLVM_Testing_Program.elf.dir/Src/stm32f7xx_it.c.obj
 .debug_macro   0x00026af1       0x40 CMakeFiles/LLVM_Testing_Program.elf.dir/Src/stm32f7xx_it.c.obj
 .debug_macro   0x00026b31       0x4c CMakeFiles/LLVM_Testing_Program.elf.dir/Src/stm32f7xx_it.c.obj
 .debug_macro   0x00026b7d      0x1cd CMakeFiles/LLVM_Testing_Program.elf.dir/Src/stm32f7xx_it.c.obj
 .debug_macro   0x00026d4a      0x45a CMakeFiles/LLVM_Testing_Program.elf.dir/Src/stm32f7xx_it.c.obj
 .debug_macro   0x000271a4      0x15a CMakeFiles/LLVM_Testing_Program.elf.dir/Src/stm32f7xx_it.c.obj
 .debug_macro   0x000272fe       0xc9 CMakeFiles/LLVM_Testing_Program.elf.dir/Src/stm32f7xx_it.c.obj
 .debug_macro   0x000273c7       0x1c CMakeFiles/LLVM_Testing_Program.elf.dir/Src/stm32f7xx_it.c.obj
 .debug_macro   0x000273e3       0x26 CMakeFiles/LLVM_Testing_Program.elf.dir/Src/stm32f7xx_it.c.obj
 .debug_macro   0x00027409      0x38a CMakeFiles/LLVM_Testing_Program.elf.dir/Src/stm32f7xx_it.c.obj
 .debug_macro   0x00027793       0xb5 CMakeFiles/LLVM_Testing_Program.elf.dir/Src/stm32f7xx_it.c.obj
 .debug_macro   0x00027848       0xaa CMakeFiles/LLVM_Testing_Program.elf.dir/Src/stm32f7xx_it.c.obj
 .debug_macro   0x000278f2      0x24f CMakeFiles/LLVM_Testing_Program.elf.dir/Src/system_stm32f7xx.c.obj
 .debug_macro   0x00027b41      0x258 CMakeFiles/LLVM_Testing_Program.elf.dir/Inc/stm32f7xx_hal_spi.c.obj
 .debug_macro   0x00027d99      0x2f6 CMakeFiles/LLVM_Testing_Program.elf.dir/BSP/Nucleo_F767ZI_Init.c.obj
 .debug_macro   0x0002808f      0x13c CMakeFiles/LLVM_Testing_Program.elf.dir/BSP/Nucleo_F767ZI_Init.c.obj
 .debug_macro   0x000281cb      0x26d CMakeFiles/LLVM_Testing_Program.elf.dir/Drivers/STM32F7xx_HAL_Driver/Src/stm32f7xx_hal.c.obj
 .debug_macro   0x00028438      0x249 CMakeFiles/LLVM_Testing_Program.elf.dir/Drivers/STM32F7xx_HAL_Driver/Src/stm32f7xx_hal_cortex.c.obj
 .debug_macro   0x00028681      0x27f CMakeFiles/LLVM_Testing_Program.elf.dir/Drivers/STM32F7xx_HAL_Driver/Src/stm32f7xx_hal_gpio.c.obj
 .debug_macro   0x00028900      0x1c7 CMakeFiles/LLVM_Testing_Program.elf.dir/Middleware/Third_Party/FreeRTOS/Source/list.c.obj
 .debug_macro   0x00028ac7      0x2eb CMakeFiles/LLVM_Testing_Program.elf.dir/Middleware/Third_Party/FreeRTOS/Source/tasks.c.obj
 .debug_macro   0x00028db2       0x10 CMakeFiles/LLVM_Testing_Program.elf.dir/Middleware/Third_Party/FreeRTOS/Source/tasks.c.obj
 .debug_macro   0x00028dc2       0x1c CMakeFiles/LLVM_Testing_Program.elf.dir/Middleware/Third_Party/FreeRTOS/Source/tasks.c.obj
 .debug_macro   0x00028dde      0x287 CMakeFiles/LLVM_Testing_Program.elf.dir/Middleware/Third_Party/FreeRTOS/Source/CMSIS_RTOS_V2/cmsis_os2.c.obj
 .debug_macro   0x00029065       0x10 CMakeFiles/LLVM_Testing_Program.elf.dir/Middleware/Third_Party/FreeRTOS/Source/CMSIS_RTOS_V2/cmsis_os2.c.obj
 .debug_macro   0x00029075       0x74 CMakeFiles/LLVM_Testing_Program.elf.dir/Middleware/Third_Party/FreeRTOS/Source/CMSIS_RTOS_V2/cmsis_os2.c.obj
 .debug_macro   0x000290e9       0xd3 CMakeFiles/LLVM_Testing_Program.elf.dir/Middleware/Third_Party/FreeRTOS/Source/CMSIS_RTOS_V2/cmsis_os2.c.obj
 .debug_macro   0x000291bc       0x8d CMakeFiles/LLVM_Testing_Program.elf.dir/Middleware/Third_Party/FreeRTOS/Source/CMSIS_RTOS_V2/cmsis_os2.c.obj
 .debug_macro   0x00029249       0x9a CMakeFiles/LLVM_Testing_Program.elf.dir/Middleware/Third_Party/FreeRTOS/Source/CMSIS_RTOS_V2/cmsis_os2.c.obj
 .debug_macro   0x000292e3      0x1c4 CMakeFiles/LLVM_Testing_Program.elf.dir/Middleware/Third_Party/FreeRTOS/Source/portable/GCC/ARM_CM7/r0p1/port.c.obj
 .debug_macro   0x000294a7      0x1b3 CMakeFiles/LLVM_Testing_Program.elf.dir/Middleware/Third_Party/SEGGER/SEGGER_RTT.c.obj
 .debug_macro   0x0002965a       0x48 CMakeFiles/LLVM_Testing_Program.elf.dir/Middleware/Third_Party/SEGGER/SEGGER_RTT.c.obj
 .debug_macro   0x000296a2      0x11c CMakeFiles/LLVM_Testing_Program.elf.dir/Middleware/Third_Party/SEGGER/SEGGER_RTT.c.obj
 .debug_macro   0x000297be      0x208 CMakeFiles/LLVM_Testing_Program.elf.dir/Middleware/Third_Party/SEGGER/SEGGER_SYSVIEW.c.obj
 .debug_macro   0x000299c6       0x65 CMakeFiles/LLVM_Testing_Program.elf.dir/Middleware/Third_Party/SEGGER/SEGGER_SYSVIEW.c.obj
 .debug_macro   0x00029a2b       0x35 CMakeFiles/LLVM_Testing_Program.elf.dir/Middleware/Third_Party/SEGGER/SEGGER_SYSVIEW.c.obj
 .debug_macro   0x00029a60       0x10 CMakeFiles/LLVM_Testing_Program.elf.dir/Middleware/Third_Party/SEGGER/SEGGER_SYSVIEW.c.obj

.debug_line     0x00000000    0x149a7
 .debug_line    0x00000000      0xd1b CMakeFiles/LLVM_Testing_Program.elf.dir/Src/LLVM_Main.c.obj
 .debug_line    0x00000d1b      0x841 CMakeFiles/LLVM_Testing_Program.elf.dir/Src/stm32f7xx_hal_msp.c.obj
 .debug_line    0x0000155c      0xa36 CMakeFiles/LLVM_Testing_Program.elf.dir/Src/stm32f7xx_it.c.obj
 .debug_line    0x00001f92      0x862 CMakeFiles/LLVM_Testing_Program.elf.dir/Src/system_stm32f7xx.c.obj
 .debug_line    0x000027f4     0x2f3f CMakeFiles/LLVM_Testing_Program.elf.dir/Inc/stm32f7xx_hal_spi.c.obj
 .debug_line    0x00005733      0xbca CMakeFiles/LLVM_Testing_Program.elf.dir/BSP/Nucleo_F767ZI_Init.c.obj
 .debug_line    0x000062fd      0xb89 CMakeFiles/LLVM_Testing_Program.elf.dir/Drivers/STM32F7xx_HAL_Driver/Src/stm32f7xx_hal.c.obj
 .debug_line    0x00006e86      0xea9 CMakeFiles/LLVM_Testing_Program.elf.dir/Drivers/STM32F7xx_HAL_Driver/Src/stm32f7xx_hal_cortex.c.obj
 .debug_line    0x00007d2f      0xde7 CMakeFiles/LLVM_Testing_Program.elf.dir/Drivers/STM32F7xx_HAL_Driver/Src/stm32f7xx_hal_gpio.c.obj
 .debug_line    0x00008b16      0x75d CMakeFiles/LLVM_Testing_Program.elf.dir/Middleware/Third_Party/FreeRTOS/Source/list.c.obj
 .debug_line    0x00009273     0x2b91 CMakeFiles/LLVM_Testing_Program.elf.dir/Middleware/Third_Party/FreeRTOS/Source/tasks.c.obj
 .debug_line    0x0000be04     0x3127 CMakeFiles/LLVM_Testing_Program.elf.dir/Middleware/Third_Party/FreeRTOS/Source/CMSIS_RTOS_V2/cmsis_os2.c.obj
 .debug_line    0x0000ef2b      0x8b0 CMakeFiles/LLVM_Testing_Program.elf.dir/Middleware/Third_Party/FreeRTOS/Source/portable/GCC/ARM_CM7/r0p1/port.c.obj
 .debug_line    0x0000f7db     0x1102 CMakeFiles/LLVM_Testing_Program.elf.dir/Middleware/Third_Party/SEGGER/SEGGER_RTT.c.obj
 .debug_line    0x000108dd     0x3fce CMakeFiles/LLVM_Testing_Program.elf.dir/Middleware/Third_Party/SEGGER/SEGGER_SYSVIEW.c.obj
 .debug_line    0x000148ab       0x84 CMakeFiles/LLVM_Testing_Program.elf.dir/Middleware/Third_Party/SEGGER/SEGGER_RTT_ASM_ARMv7M.S.obj
 .debug_line    0x0001492f       0x78 CMakeFiles/LLVM_Testing_Program.elf.dir/startup/startup_stm32f767xx.s.obj

.debug_str      0x00000000   0x112422
 .debug_str     0x00000000   0x112422 CMakeFiles/LLVM_Testing_Program.elf.dir/Src/LLVM_Main.c.obj
                              0xfedd6 (size before relaxing)
 .debug_str     0x00112422    0xfeb68 CMakeFiles/LLVM_Testing_Program.elf.dir/Src/stm32f7xx_hal_msp.c.obj
 .debug_str     0x00112422   0x1057f3 CMakeFiles/LLVM_Testing_Program.elf.dir/Src/stm32f7xx_it.c.obj
 .debug_str     0x00112422    0xfe2e0 CMakeFiles/LLVM_Testing_Program.elf.dir/Src/system_stm32f7xx.c.obj
 .debug_str     0x00112422    0xfeafb CMakeFiles/LLVM_Testing_Program.elf.dir/Inc/stm32f7xx_hal_spi.c.obj
 .debug_str     0x00112422   0x1054a7 CMakeFiles/LLVM_Testing_Program.elf.dir/BSP/Nucleo_F767ZI_Init.c.obj
 .debug_str     0x00112422    0xfed23 CMakeFiles/LLVM_Testing_Program.elf.dir/Drivers/STM32F7xx_HAL_Driver/Src/stm32f7xx_hal.c.obj
 .debug_str     0x00112422    0xfece2 CMakeFiles/LLVM_Testing_Program.elf.dir/Drivers/STM32F7xx_HAL_Driver/Src/stm32f7xx_hal_cortex.c.obj
 .debug_str     0x00112422    0xfe49d CMakeFiles/LLVM_Testing_Program.elf.dir/Drivers/STM32F7xx_HAL_Driver/Src/stm32f7xx_hal_gpio.c.obj
 .debug_str     0x00112422     0xe0a2 CMakeFiles/LLVM_Testing_Program.elf.dir/Middleware/Third_Party/FreeRTOS/Source/list.c.obj
 .debug_str     0x00112422    0x10f5f CMakeFiles/LLVM_Testing_Program.elf.dir/Middleware/Third_Party/FreeRTOS/Source/tasks.c.obj
 .debug_str     0x00112422    0x1231a CMakeFiles/LLVM_Testing_Program.elf.dir/Middleware/Third_Party/FreeRTOS/Source/CMSIS_RTOS_V2/cmsis_os2.c.obj
 .debug_str     0x00112422     0xbc78 CMakeFiles/LLVM_Testing_Program.elf.dir/Middleware/Third_Party/FreeRTOS/Source/portable/GCC/ARM_CM7/r0p1/port.c.obj
 .debug_str     0x00112422     0x786f CMakeFiles/LLVM_Testing_Program.elf.dir/Middleware/Third_Party/SEGGER/SEGGER_RTT.c.obj
 .debug_str     0x00112422     0x9665 CMakeFiles/LLVM_Testing_Program.elf.dir/Middleware/Third_Party/SEGGER/SEGGER_SYSVIEW.c.obj
 .debug_str     0x00112422       0xa2 CMakeFiles/LLVM_Testing_Program.elf.dir/Middleware/Third_Party/SEGGER/SEGGER_RTT_ASM_ARMv7M.S.obj
 .debug_str     0x00112422       0x98 CMakeFiles/LLVM_Testing_Program.elf.dir/startup/startup_stm32f767xx.s.obj

.comment        0x00000000       0x43
 .comment       0x00000000       0x43 CMakeFiles/LLVM_Testing_Program.elf.dir/Src/LLVM_Main.c.obj
                                 0x44 (size before relaxing)
 .comment       0x00000043       0x44 CMakeFiles/LLVM_Testing_Program.elf.dir/Src/stm32f7xx_hal_msp.c.obj
 .comment       0x00000043       0x44 CMakeFiles/LLVM_Testing_Program.elf.dir/Src/stm32f7xx_it.c.obj
 .comment       0x00000043       0x44 CMakeFiles/LLVM_Testing_Program.elf.dir/Src/system_stm32f7xx.c.obj
 .comment       0x00000043       0x44 CMakeFiles/LLVM_Testing_Program.elf.dir/Inc/stm32f7xx_hal_spi.c.obj
 .comment       0x00000043       0x44 CMakeFiles/LLVM_Testing_Program.elf.dir/BSP/Nucleo_F767ZI_Init.c.obj
 .comment       0x00000043       0x44 CMakeFiles/LLVM_Testing_Program.elf.dir/Drivers/STM32F7xx_HAL_Driver/Src/stm32f7xx_hal.c.obj
 .comment       0x00000043       0x44 CMakeFiles/LLVM_Testing_Program.elf.dir/Drivers/STM32F7xx_HAL_Driver/Src/stm32f7xx_hal_cortex.c.obj
 .comment       0x00000043       0x44 CMakeFiles/LLVM_Testing_Program.elf.dir/Drivers/STM32F7xx_HAL_Driver/Src/stm32f7xx_hal_gpio.c.obj
 .comment       0x00000043       0x44 CMakeFiles/LLVM_Testing_Program.elf.dir/Middleware/Third_Party/FreeRTOS/Source/list.c.obj
 .comment       0x00000043       0x44 CMakeFiles/LLVM_Testing_Program.elf.dir/Middleware/Third_Party/FreeRTOS/Source/tasks.c.obj
 .comment       0x00000043       0x44 CMakeFiles/LLVM_Testing_Program.elf.dir/Middleware/Third_Party/FreeRTOS/Source/CMSIS_RTOS_V2/cmsis_os2.c.obj
 .comment       0x00000043       0x44 CMakeFiles/LLVM_Testing_Program.elf.dir/Middleware/Third_Party/FreeRTOS/Source/portable/GCC/ARM_CM7/r0p1/port.c.obj
 .comment       0x00000043       0x44 CMakeFiles/LLVM_Testing_Program.elf.dir/Middleware/Third_Party/SEGGER/SEGGER_RTT.c.obj
 .comment       0x00000043       0x44 CMakeFiles/LLVM_Testing_Program.elf.dir/Middleware/Third_Party/SEGGER/SEGGER_SYSVIEW.c.obj

.debug_line_str
                0x00000000       0xde
 .debug_line_str
                0x00000000       0xde CMakeFiles/LLVM_Testing_Program.elf.dir/Middleware/Third_Party/SEGGER/SEGGER_RTT_ASM_ARMv7M.S.obj
                                 0x94 (size before relaxing)
 .debug_line_str
                0x000000de       0x7c CMakeFiles/LLVM_Testing_Program.elf.dir/startup/startup_stm32f767xx.s.obj
