Archive member included to satisfy reference by file (symbol)

C:/ST/STM32CubeIDE_1.19.0/STM32CubeIDE/plugins/com.st.stm32cube.ide.mcu.externaltools.gnu-tools-for-stm32.13.3.rel1.win32_1.0.0.202411081344/tools/bin/../lib/gcc/arm-none-eabi/13.3.1/../../../../arm-none-eabi/lib/thumb/v7e-m+dp/hard\libc_nano.a(libc_a-exit.o)
                              C:/ST/STM32CubeIDE_1.19.0/STM32CubeIDE/plugins/com.st.stm32cube.ide.mcu.externaltools.gnu-tools-for-stm32.13.3.rel1.win32_1.0.0.202411081344/tools/bin/../lib/gcc/arm-none-eabi/13.3.1/../../../../arm-none-eabi/lib/thumb/v7e-m+dp/hard/crt0.o (exit)
C:/ST/STM32CubeIDE_1.19.0/STM32CubeIDE/plugins/com.st.stm32cube.ide.mcu.externaltools.gnu-tools-for-stm32.13.3.rel1.win32_1.0.0.202411081344/tools/bin/../lib/gcc/arm-none-eabi/13.3.1/../../../../arm-none-eabi/lib/thumb/v7e-m+dp/hard\libc_nano.a(libc_a-findfp.o)
                              C:/ST/STM32CubeIDE_1.19.0/STM32CubeIDE/plugins/com.st.stm32cube.ide.mcu.externaltools.gnu-tools-for-stm32.13.3.rel1.win32_1.0.0.202411081344/tools/bin/../lib/gcc/arm-none-eabi/13.3.1/../../../../arm-none-eabi/lib/thumb/v7e-m+dp/hard\libc_nano.a(libc_a-exit.o) (__stdio_exit_handler)
C:/ST/STM32CubeIDE_1.19.0/STM32CubeIDE/plugins/com.st.stm32cube.ide.mcu.externaltools.gnu-tools-for-stm32.13.3.rel1.win32_1.0.0.202411081344/tools/bin/../lib/gcc/arm-none-eabi/13.3.1/../../../../arm-none-eabi/lib/thumb/v7e-m+dp/hard\libc_nano.a(libc_a-fwalk.o)
                              C:/ST/STM32CubeIDE_1.19.0/STM32CubeIDE/plugins/com.st.stm32cube.ide.mcu.externaltools.gnu-tools-for-stm32.13.3.rel1.win32_1.0.0.202411081344/tools/bin/../lib/gcc/arm-none-eabi/13.3.1/../../../../arm-none-eabi/lib/thumb/v7e-m+dp/hard\libc_nano.a(libc_a-findfp.o) (_fwalk_sglue)
C:/ST/STM32CubeIDE_1.19.0/STM32CubeIDE/plugins/com.st.stm32cube.ide.mcu.externaltools.gnu-tools-for-stm32.13.3.rel1.win32_1.0.0.202411081344/tools/bin/../lib/gcc/arm-none-eabi/13.3.1/../../../../arm-none-eabi/lib/thumb/v7e-m+dp/hard\libc_nano.a(libc_a-sprintf.o)
                              ./Middleware/Third_Party/FreeRTOS/Source/tasks.o (sprintf)
C:/ST/STM32CubeIDE_1.19.0/STM32CubeIDE/plugins/com.st.stm32cube.ide.mcu.externaltools.gnu-tools-for-stm32.13.3.rel1.win32_1.0.0.202411081344/tools/bin/../lib/gcc/arm-none-eabi/13.3.1/../../../../arm-none-eabi/lib/thumb/v7e-m+dp/hard\libc_nano.a(libc_a-stdio.o)
                              C:/ST/STM32CubeIDE_1.19.0/STM32CubeIDE/plugins/com.st.stm32cube.ide.mcu.externaltools.gnu-tools-for-stm32.13.3.rel1.win32_1.0.0.202411081344/tools/bin/../lib/gcc/arm-none-eabi/13.3.1/../../../../arm-none-eabi/lib/thumb/v7e-m+dp/hard\libc_nano.a(libc_a-findfp.o) (__sread)
C:/ST/STM32CubeIDE_1.19.0/STM32CubeIDE/plugins/com.st.stm32cube.ide.mcu.externaltools.gnu-tools-for-stm32.13.3.rel1.win32_1.0.0.202411081344/tools/bin/../lib/gcc/arm-none-eabi/13.3.1/../../../../arm-none-eabi/lib/thumb/v7e-m+dp/hard\libc_nano.a(libc_a-memcmp.o)
                              ./Middleware/Third_Party/SEGGER/SEGGER_SYSVIEW_FreeRTOS.o (memcmp)
C:/ST/STM32CubeIDE_1.19.0/STM32CubeIDE/plugins/com.st.stm32cube.ide.mcu.externaltools.gnu-tools-for-stm32.13.3.rel1.win32_1.0.0.202411081344/tools/bin/../lib/gcc/arm-none-eabi/13.3.1/../../../../arm-none-eabi/lib/thumb/v7e-m+dp/hard\libc_nano.a(libc_a-memset.o)
                              C:/ST/STM32CubeIDE_1.19.0/STM32CubeIDE/plugins/com.st.stm32cube.ide.mcu.externaltools.gnu-tools-for-stm32.13.3.rel1.win32_1.0.0.202411081344/tools/bin/../lib/gcc/arm-none-eabi/13.3.1/../../../../arm-none-eabi/lib/thumb/v7e-m+dp/hard/crt0.o (memset)
C:/ST/STM32CubeIDE_1.19.0/STM32CubeIDE/plugins/com.st.stm32cube.ide.mcu.externaltools.gnu-tools-for-stm32.13.3.rel1.win32_1.0.0.202411081344/tools/bin/../lib/gcc/arm-none-eabi/13.3.1/../../../../arm-none-eabi/lib/thumb/v7e-m+dp/hard\libc_nano.a(libc_a-closer.o)
                              C:/ST/STM32CubeIDE_1.19.0/STM32CubeIDE/plugins/com.st.stm32cube.ide.mcu.externaltools.gnu-tools-for-stm32.13.3.rel1.win32_1.0.0.202411081344/tools/bin/../lib/gcc/arm-none-eabi/13.3.1/../../../../arm-none-eabi/lib/thumb/v7e-m+dp/hard\libc_nano.a(libc_a-stdio.o) (_close_r)
C:/ST/STM32CubeIDE_1.19.0/STM32CubeIDE/plugins/com.st.stm32cube.ide.mcu.externaltools.gnu-tools-for-stm32.13.3.rel1.win32_1.0.0.202411081344/tools/bin/../lib/gcc/arm-none-eabi/13.3.1/../../../../arm-none-eabi/lib/thumb/v7e-m+dp/hard\libc_nano.a(libc_a-reent.o)
                              C:/ST/STM32CubeIDE_1.19.0/STM32CubeIDE/plugins/com.st.stm32cube.ide.mcu.externaltools.gnu-tools-for-stm32.13.3.rel1.win32_1.0.0.202411081344/tools/bin/../lib/gcc/arm-none-eabi/13.3.1/../../../../arm-none-eabi/lib/thumb/v7e-m+dp/hard\libc_nano.a(libc_a-closer.o) (errno)
C:/ST/STM32CubeIDE_1.19.0/STM32CubeIDE/plugins/com.st.stm32cube.ide.mcu.externaltools.gnu-tools-for-stm32.13.3.rel1.win32_1.0.0.202411081344/tools/bin/../lib/gcc/arm-none-eabi/13.3.1/../../../../arm-none-eabi/lib/thumb/v7e-m+dp/hard\libc_nano.a(libc_a-impure.o)
[...]
Memory Configuration

Name             Origin             Length             Attributes
RAM              0x20000000         0x00080000         xrw
FLASH            0x08000000         0x00200000         xr
*default*        0x00000000         0xffffffff

Linker script and memory map

LOAD C:/ST/STM32CubeIDE_1.19.0/STM32CubeIDE/plugins/com.st.stm32cube.ide.mcu.externaltools.gnu-tools-for-stm32.13.3.rel1.win32_1.0.0.202411081344/tools/bin/../lib/gcc/arm-none-eabi/13.3.1/thumb/v7e-m+dp/hard/crti.o
LOAD C:/ST/STM32CubeIDE_1.19.0/STM32CubeIDE/plugins/com.st.stm32cube.ide.mcu.externaltools.gnu-tools-for-stm32.13.3.rel1.win32_1.0.0.202411081344/tools/bin/../lib/gcc/arm-none-eabi/13.3.1/thumb/v7e-m+dp/hard/crtbegin.o
LOAD C:/ST/STM32CubeIDE_1.19.0/STM32CubeIDE/plugins/com.st.stm32cube.ide.mcu.externaltools.gnu-tools-for-stm32.13.3.rel1.win32_1.0.0.202411081344/tools/bin/../lib/gcc/arm-none-eabi/13.3.1/../../../../arm-none-eabi/lib/thumb/v7e-m+dp/hard/crt0.o
LOAD ./BSP/Nucleo_F767ZI_GPIO.o
LOAD ./BSP/Nucleo_F767ZI_Init.o
LOAD ./BSP/UartQuickDirtyInit.o
LOAD ./Drivers/STM32F7xx_HAL_Driver/Inc/stm32f7xx_hal_adc.o
LOAD ./Drivers/STM32F7xx_HAL_Driver/Inc/stm32f7xx_hal_adc_ex.o
LOAD ./Drivers/STM32F7xx_HAL_Driver/Src/stm32f7xx_hal.o
LOAD ./Drivers/STM32F7xx_HAL_Driver/Src/stm32f7xx_hal_cortex.o
LOAD ./Drivers/STM32F7xx_HAL_Driver/Src/stm32f7xx_hal_dma.o
LOAD ./Drivers/STM32F7xx_HAL_Driver/Src/stm32f7xx_hal_dma_ex.o
LOAD ./Drivers/STM32F7xx_HAL_Driver/Src/stm32f7xx_hal_eth.o
LOAD ./Drivers/STM32F7xx_HAL_Driver/Src/stm32f7xx_hal_exti.o
LOAD ./Drivers/STM32F7xx_HAL_Driver/Src/stm32f7xx_hal_flash.o
LOAD ./Drivers/STM32F7xx_HAL_Driver/Src/stm32f7xx_hal_flash_ex.o
LOAD ./Drivers/STM32F7xx_HAL_Driver/Src/stm32f7xx_hal_gpio.o
LOAD ./Drivers/STM32F7xx_HAL_Driver/Src/stm32f7xx_hal_i2c.o
LOAD ./Drivers/STM32F7xx_HAL_Driver/Src/stm32f7xx_hal_i2c_ex.o
LOAD ./Drivers/STM32F7xx_HAL_Driver/Src/stm32f7xx_hal_pcd.o
LOAD ./Drivers/STM32F7xx_HAL_Driver/Src/stm32f7xx_hal_pcd_ex.o
LOAD ./Drivers/STM32F7xx_HAL_Driver/Src/stm32f7xx_hal_pwr.o
LOAD ./Drivers/STM32F7xx_HAL_Driver/Src/stm32f7xx_hal_pwr_ex.o
LOAD ./Drivers/STM32F7xx_HAL_Driver/Src/stm32f7xx_hal_rcc.o
LOAD ./Drivers/STM32F7xx_HAL_Driver/Src/stm32f7xx_hal_rcc_ex.o
LOAD ./Drivers/STM32F7xx_HAL_Driver/Src/stm32f7xx_hal_tim.o
LOAD ./Drivers/STM32F7xx_HAL_Driver/Src/stm32f7xx_hal_tim_ex.o
LOAD ./Drivers/STM32F7xx_HAL_Driver/Src/stm32f7xx_hal_uart.o
LOAD ./Drivers/STM32F7xx_HAL_Driver/Src/stm32f7xx_hal_uart_ex.o
LOAD ./Drivers/STM32F7xx_HAL_Driver/Src/stm32f7xx_ll_usb.o
LOAD ./Inc/stm32f7xx_hal_spi.o
LOAD ./Middleware/Third_Party/FreeRTOS/Source/CMSIS_RTOS_V2/cmsis_os2.o
LOAD ./Middleware/Third_Party/FreeRTOS/Source/croutine.o
LOAD ./Middleware/Third_Party/FreeRTOS/Source/event_groups.o
LOAD ./Middleware/Third_Party/FreeRTOS/Source/list.o
LOAD ./Middleware/Third_Party/FreeRTOS/Source/queue.o
LOAD ./Middleware/Third_Party/FreeRTOS/Source/stream_buffer.o
LOAD ./Middleware/Third_Party/FreeRTOS/Source/tasks.o
LOAD ./Middleware/Third_Party/FreeRTOS/Source/timers.o
LOAD ./Middleware/Third_Party/FreeRTOS/Source/portable/GCC/ARM_CM7/r0p1/port.o
LOAD ./Middleware/Third_Party/FreeRTOS/Source/portable/MemMang/heap_4.o
LOAD ./Middleware/Third_Party/SEGGER/SEGGER_RTT.o
LOAD ./Middleware/Third_Party/SEGGER/SEGGER_RTT_ASM_ARMv7M.o
LOAD ./Middleware/Third_Party/SEGGER/SEGGER_RTT_Syscalls_GCC.o
LOAD ./Middleware/Third_Party/SEGGER/SEGGER_RTT_Syscalls_IAR.o
LOAD ./Middleware/Third_Party/SEGGER/SEGGER_RTT_Syscalls_KEIL.o
LOAD ./Middleware/Third_Party/SEGGER/SEGGER_RTT_Syscalls_SES.o
LOAD ./Middleware/Third_Party/SEGGER/SEGGER_RTT_printf.o
LOAD ./Middleware/Third_Party/SEGGER/SEGGER_SYSVIEW.o
LOAD ./Middleware/Third_Party/SEGGER/SEGGER_SYSVIEW_Config_FreeRTOS.o
LOAD ./Middleware/Third_Party/SEGGER/SEGGER_SYSVIEW_FreeRTOS.o
LOAD ./Src/LLVM_Main.o
LOAD ./Src/stm32f7xx_hal_msp.o
LOAD ./Src/stm32f7xx_it.o
LOAD ./Src/syscalls.o
LOAD ./Src/system_stm32f7xx.o
LOAD ./startup/startup_stm32f767xx.o
START GROUP
LOAD C:/ST/STM32CubeIDE_1.19.0/STM32CubeIDE/plugins/com.st.stm32cube.ide.mcu.externaltools.gnu-tools-for-stm32.13.3.rel1.win32_1.0.0.202411081344/tools/bin/../lib/gcc/arm-none-eabi/13.3.1/../../../../arm-none-eabi/lib/thumb/v7e-m+dp/hard\libc_nano.a
LOAD C:/ST/STM32CubeIDE_1.19.0/STM32CubeIDE/plugins/com.st.stm32cube.ide.mcu.externaltools.gnu-tools-for-stm32.13.3.rel1.win32_1.0.0.202411081344/tools/bin/../lib/gcc/arm-none-eabi/13.3.1/../../../../arm-none-eabi/lib/thumb/v7e-m+dp/hard\libm.a
END GROUP
START GROUP
LOAD C:/ST/STM32CubeIDE_1.19.0/STM32CubeIDE/plugins/com.st.stm32cube.ide.mcu.externaltools.gnu-tools-for-stm32.13.3.rel1.win32_1.0.0.202411081344/tools/bin/../lib/gcc/arm-none-eabi/13.3.1/thumb/v7e-m+dp/hard\libgcc.a
LOAD C:/ST/STM32CubeIDE_1.19.0/STM32CubeIDE/plugins/com.st.stm32cube.ide.mcu.externaltools.gnu-tools-for-stm32.13.3.rel1.win32_1.0.0.202411081344/tools/bin/../lib/gcc/arm-none-eabi/13.3.1/../../../../arm-none-eabi/lib/thumb/v7e-m+dp/hard\libc_nano.a
END GROUP
START GROUP
LOAD C:/ST/STM32CubeIDE_1.19.0/STM32CubeIDE/plugins/com.st.stm32cube.ide.mcu.externaltools.gnu-tools-for-stm32.13.3.rel1.win32_1.0.0.202411081344/tools/bin/../lib/gcc/arm-none-eabi/13.3.1/thumb/v7e-m+dp/hard\libgcc.a
LOAD C:/ST/STM32CubeIDE_1.19.0/STM32CubeIDE/plugins/com.st.stm32cube.ide.mcu.externaltools.gnu-tools-for-stm32.13.3.rel1.win32_1.0.0.202411081344/tools/bin/../lib/gcc/arm-none-eabi/13.3.1/../../../../arm-none-eabi/lib/thumb/v7e-m+dp/hard\libc_nano.a
LOAD C:/ST/STM32CubeIDE_1.19.0/STM32CubeIDE/plugins/com.st.stm32cube.ide.mcu.externaltools.gnu-tools-for-stm32.13.3.rel1.win32_1.0.0.202411081344/tools/bin/../lib/gcc/arm-none-eabi/13.3.1/../../../../arm-none-eabi/lib/thumb/v7e-m+dp/hard\libnosys.a
END GROUP
START GROUP
LOAD C:/ST/STM32CubeIDE_1.19.0/STM32CubeIDE/plugins/com.st.stm32cube.ide.mcu.externaltools.gnu-tools-for-stm32.13.3.rel1.win32_1.0.0.202411081344/tools/bin/../lib/gcc/arm-none-eabi/13.3.1/thumb/v7e-m+dp/hard\libgcc.a
LOAD C:/ST/STM32CubeIDE_1.19.0/STM32CubeIDE/plugins/com.st.stm32cube.ide.mcu.externaltools.gnu-tools-for-stm32.13.3.rel1.win32_1.0.0.202411081344/tools/bin/../lib/gcc/arm-none-eabi/13.3.1/../../../../arm-none-eabi/lib/thumb/v7e-m+dp/hard\libc_nano.a
LOAD C:/ST/STM32CubeIDE_1.19.0/STM32CubeIDE/plugins/com.st.stm32cube.ide.mcu.externaltools.gnu-tools-for-stm32.13.3.rel1.win32_1.0.0.202411081344/tools/bin/../lib/gcc/arm-none-eabi/13.3.1/../../../../arm-none-eabi/lib/thumb/v7e-m+dp/hard\libnosys.a
END GROUP
LOAD C:/ST/STM32CubeIDE_1.19.0/STM32CubeIDE/plugins/com.st.stm32cube.ide.mcu.externaltools.gnu-tools-for-stm32.13.3.rel1.win32_1.0.0.202411081344/tools/bin/../lib/gcc/arm-none-eabi/13.3.1/thumb/v7e-m+dp/hard/crtend.o
LOAD C:/ST/STM32CubeIDE_1.19.0/STM32CubeIDE/plugins/com.st.stm32cube.ide.mcu.externaltools.gnu-tools-for-stm32.13.3.rel1.win32_1.0.0.202411081344/tools/bin/../lib/gcc/arm-none-eabi/13.3.1/thumb/v7e-m+dp/hard/crtn.o
                0x20080000                        _estack = 0x20080000
                0x00000200                        _Min_Heap_Size = 0x200
                0x00000400                        _Min_Stack_Size = 0x400

.isr_vector     0x08000000      0x1f8
                0x08000000                        . = ALIGN (0x4)
 *(.isr_vector)
 .isr_vector    0x08000000      0x1f8 ./startup/startup_stm32f767xx.o
                0x08000000                g_pfnVectors
                0x080001f8                        . = ALIGN (0x4)

.text           0x08000200     0x1e44
                0x08000200                        . = ALIGN (0x4)
 *(.text)
 .text          0x08000200       0x40 C:/ST/STM32CubeIDE_1.19.0/STM32CubeIDE/plugins/com.st.stm32cube.ide.mcu.externaltools.gnu-tools-for-stm32.13.3.rel1.win32_1.0.0.202411081344/tools/bin/../lib/gcc/arm-none-eabi/13.3.1/thumb/v7e-m+dp/hard/crtbegin.o
 .text          0x08000240       0x8c ./Middleware/Third_Party/SEGGER/SEGGER_RTT_ASM_ARMv7M.o
                0x08000240                SEGGER_RTT_ASM_WriteSkipNoLock
 .text          0x080002cc       0x10 C:/ST/STM32CubeIDE_1.19.0/STM32CubeIDE/plugins/com.st.stm32cube.ide.mcu.externaltools.gnu-tools-for-stm32.13.3.rel1.win32_1.0.0.202411081344/tools/bin/../lib/gcc/arm-none-eabi/13.3.1/../../../../arm-none-eabi/lib/thumb/v7e-m+dp/hard\libc_nano.a(libc_a-strlen.o)
                0x080002cc                strlen
 *(.text*)
 .text.Error_Handler
                0x080002dc        0x2 ./BSP/Nucleo_F767ZI_Init.o
                0x080002dc                Error_Handler
 *fill*         0x080002de        0x2 
 .text.assert_failed
                0x080002e0       0x14 ./BSP/Nucleo_F767ZI_Init.o
                0x080002e0                assert_failed
 .text.HAL_InitTick
                0x080002f4       0x48 ./Drivers/STM32F7xx_HAL_Driver/Src/stm32f7xx_hal.o
                0x080002f4                HAL_InitTick
 .text.HAL_Init
                0x0800033c       0x16 ./Drivers/STM32F7xx_HAL_Driver/Src/stm32f7xx_hal.o
                0x0800033c                HAL_Init
 *fill*         0x08000352        0x2 
 .text.HAL_IncTick
                0x08000354       0x18 ./Drivers/STM32F7xx_HAL_Driver/Src/stm32f7xx_hal.o
                0x08000354                HAL_IncTick
 .text.HAL_GetTick
                0x0800036c        0xc ./Drivers/STM32F7xx_HAL_Driver/Src/stm32f7xx_hal.o
                0x0800036c                HAL_GetTick
 .text.HAL_Delay
                0x08000378       0x24 ./Drivers/STM32F7xx_HAL_Driver/Src/stm32f7xx_hal.o
                0x08000378                HAL_Delay
 .text.HAL_NVIC_SetPriorityGrouping
                0x0800039c       0x3c ./Drivers/STM32F7xx_HAL_Driver/Src/stm32f7xx_hal_cortex.o
                0x0800039c                HAL_NVIC_SetPriorityGrouping
 .text.HAL_NVIC_SetPriority
                0x080003d8       0x88 ./Drivers/STM32F7xx_HAL_Driver/Src/stm32f7xx_hal_cortex.o
                0x080003d8                HAL_NVIC_SetPriority
 .text.HAL_SYSTICK_Config
                0x08000460       0x28 ./Drivers/STM32F7xx_HAL_Driver/Src/stm32f7xx_hal_cortex.o
                0x08000460                HAL_SYSTICK_Config
 .text.HAL_GPIO_Init
                0x08000488      0x2b4 ./Drivers/STM32F7xx_HAL_Driver/Src/stm32f7xx_hal_gpio.o
                0x08000488                HAL_GPIO_Init
 .text.HAL_GPIO_WritePin
                0x0800073c       0x34 ./Drivers/STM32F7xx_HAL_Driver/Src/stm32f7xx_hal_gpio.o
                0x0800073c                HAL_GPIO_WritePin
 .text.SPI_WaitFlagStateUntilTimeout.constprop.0
                0x08000770       0xa0 ./Inc/stm32f7xx_hal_spi.o
 .text.SPI_WaitFifoStateUntilTimeout.constprop.0
                0x08000810       0xc4 ./Inc/stm32f7xx_hal_spi.o
 .text.SPI_EndRxTxTransaction
                0x080008d4       0x80 ./Inc/stm32f7xx_hal_spi.o
 .text.HAL_SPI_Init
                0x08000954      0x290 ./Inc/stm32f7xx_hal_spi.o
                0x08000954                HAL_SPI_Init
 .text.HAL_SPI_Transmit
                0x08000be4      0x1a4 ./Inc/stm32f7xx_hal_spi.o
                0x08000be4                HAL_SPI_Transmit
 .text.vApplicationTickHook
                0x08000d88        0x2 ./Middleware/Third_Party/FreeRTOS/Source/CMSIS_RTOS_V2/cmsis_os2.o
                0x08000d88                vApplicationTickHook
 .text.vListInsertEnd
                0x08000d8a       0x16 ./Middleware/Third_Party/FreeRTOS/Source/list.o
                0x08000d8a                vListInsertEnd
 .text.uxListRemove
                0x08000da0       0x20 ./Middleware/Third_Party/FreeRTOS/Source/list.o
                0x08000da0                uxListRemove
 .text.prvResetNextTaskUnblockTime
                0x08000dc0       0x24 ./Middleware/Third_Party/FreeRTOS/Source/tasks.o
 .text.xTaskIncrementTick
                0x08000de4      0x140 ./Middleware/Third_Party/FreeRTOS/Source/tasks.o
                0x08000de4                xTaskIncrementTick
 .text.vTaskSwitchContext
                0x08000f24       0x94 ./Middleware/Third_Party/FreeRTOS/Source/tasks.o
                0x08000f24                vTaskSwitchContext
 .text.xTaskGetSchedulerState
                0x08000fb8       0x20 ./Middleware/Third_Party/FreeRTOS/Source/tasks.o
                0x08000fb8                xTaskGetSchedulerState
 *fill*         0x08000fd8        0x8 
 .text.SVC_Handler
                0x08000fe0       0x24 ./Middleware/Third_Party/FreeRTOS/Source/portable/GCC/ARM_CM7/r0p1/port.o
                0x08000fe0                SVC_Handler
 *fill*         0x08001004        0xc 
 .text.PendSV_Handler
                0x08001010       0x64 ./Middleware/Third_Party/FreeRTOS/Source/portable/GCC/ARM_CM7/r0p1/port.o
                0x08001010                PendSV_Handler
 .text.xPortSysTickHandler
                0x08001074       0x3a ./Middleware/Third_Party/FreeRTOS/Source/portable/GCC/ARM_CM7/r0p1/port.o
                0x08001074                xPortSysTickHandler
 *fill*         0x080010ae        0x2 
 .text._DoInit  0x080010b0       0x60 ./Middleware/Third_Party/SEGGER/SEGGER_RTT.o
 .text.SEGGER_RTT_ReadNoLock
                0x08001110       0x88 ./Middleware/Third_Party/SEGGER/SEGGER_RTT.o
                0x08001110                SEGGER_RTT_ReadNoLock
 .text._EncodeStr
                0x08001198       0x44 ./Middleware/Third_Party/SEGGER/SEGGER_SYSVIEW.o
 .text.SEGGER_SYSVIEW_SendTaskList
                0x080011dc       0x14 ./Middleware/Third_Party/SEGGER/SEGGER_SYSVIEW.o
                0x080011dc                SEGGER_SYSVIEW_SendTaskList
 .text.SEGGER_SYSVIEW_SendModuleDescription
                0x080011f0       0x18 ./Middleware/Third_Party/SEGGER/SEGGER_SYSVIEW.o
                0x080011f0                SEGGER_SYSVIEW_SendModuleDescription
 .text.SEGGER_SYSVIEW_SendNumModules
                0x08001208       0x40 ./Middleware/Third_Party/SEGGER/SEGGER_SYSVIEW.o
                0x08001208                SEGGER_SYSVIEW_SendNumModules
 .text.SEGGER_SYSVIEW_Start
                0x08001248       0xc0 ./Middleware/Third_Party/SEGGER/SEGGER_SYSVIEW.o
                0x08001248                SEGGER_SYSVIEW_Start
 .text._HandleIncomingPacket
                0x08001308       0x8a ./Middleware/Third_Party/SEGGER/SEGGER_SYSVIEW.o
 *fill*         0x08001392        0x2 
 .text._SendPacket
                0x08001394      0x148 ./Middleware/Third_Party/SEGGER/SEGGER_SYSVIEW.o
 .text.SEGGER_SYSVIEW_RecordVoid
                0x080014dc       0x24 ./Middleware/Third_Party/SEGGER/SEGGER_SYSVIEW.o
                0x080014dc                SEGGER_SYSVIEW_RecordVoid
 .text.SEGGER_SYSVIEW_RecordU32
                0x08001500       0x40 ./Middleware/Third_Party/SEGGER/SEGGER_SYSVIEW.o
                0x08001500                SEGGER_SYSVIEW_RecordU32
 .text.SEGGER_SYSVIEW_RecordU32x2
                0x08001540       0x58 ./Middleware/Third_Party/SEGGER/SEGGER_SYSVIEW.o
                0x08001540                SEGGER_SYSVIEW_RecordU32x2
 .text.SEGGER_SYSVIEW_RecordSystime
                0x08001598       0x34 ./Middleware/Third_Party/SEGGER/SEGGER_SYSVIEW.o
                0x08001598                SEGGER_SYSVIEW_RecordSystime
 .text.SEGGER_SYSVIEW_Stop
                0x080015cc       0x30 ./Middleware/Third_Party/SEGGER/SEGGER_SYSVIEW.o
                0x080015cc                SEGGER_SYSVIEW_Stop
 .text.SEGGER_SYSVIEW_GetSysDesc
                0x080015fc       0x88 ./Middleware/Third_Party/SEGGER/SEGGER_SYSVIEW.o
                0x080015fc                SEGGER_SYSVIEW_GetSysDesc
 .text.SEGGER_SYSVIEW_RecordEnterISR
                0x08001684       0x4c ./Middleware/Third_Party/SEGGER/SEGGER_SYSVIEW.o
                0x08001684                SEGGER_SYSVIEW_RecordEnterISR
 .text.SEGGER_SYSVIEW_RecordExitISR
                0x080016d0       0x24 ./Middleware/Third_Party/SEGGER/SEGGER_SYSVIEW.o
                0x080016d0                SEGGER_SYSVIEW_RecordExitISR
 .text.SEGGER_SYSVIEW_OnIdle
                0x080016f4       0x24 ./Middleware/Third_Party/SEGGER/SEGGER_SYSVIEW.o
                0x080016f4                SEGGER_SYSVIEW_OnIdle
 .text.SEGGER_SYSVIEW_OnTaskStartExec
                0x08001718       0x48 ./Middleware/Third_Party/SEGGER/SEGGER_SYSVIEW.o
                0x08001718                SEGGER_SYSVIEW_OnTaskStartExec
 .text.SEGGER_SYSVIEW_OnTaskStartReady
                0x08001760       0x48 ./Middleware/Third_Party/SEGGER/SEGGER_SYSVIEW.o
                0x08001760                SEGGER_SYSVIEW_OnTaskStartReady
 .text.SEGGER_SYSVIEW_SendModule
                0x080017a8       0x80 ./Middleware/Third_Party/SEGGER/SEGGER_SYSVIEW.o
                0x080017a8                SEGGER_SYSVIEW_SendModule
 .text._VPrintHost.isra.0
                0x08001828       0xc0 ./Middleware/Third_Party/SEGGER/SEGGER_SYSVIEW.o
 .text.SEGGER_SYSVIEW_PrintfHost
                0x080018e8       0x1e ./Middleware/Third_Party/SEGGER/SEGGER_SYSVIEW.o
                0x080018e8                SEGGER_SYSVIEW_PrintfHost
 *fill*         0x08001906        0x2 
 .text.LCD_Unselect
                0x08001908       0x10 ./Src/LLVM_Main.o
 .text.LCD_Select
                0x08001918       0x10 ./Src/LLVM_Main.o
 .text.LCD_WriteCommand
                0x08001928       0x40 ./Src/LLVM_Main.o
 .text.LCD_WriteData
                0x08001968       0x3c ./Src/LLVM_Main.o
 .text.LCD_WriteDataByte
                0x080019a4       0x16 ./Src/LLVM_Main.o
 *fill*         0x080019ba        0x2 
 .text.LCD_FillRect.part.0
                0x080019bc       0xec ./Src/LLVM_Main.o
 .text.startup.main
                0x08001aa8      0x398 ./Src/LLVM_Main.o
                0x08001aa8                main
 .text.HAL_MspInit
                0x08001e40       0x30 ./Src/stm32f7xx_hal_msp.o
                0x08001e40                HAL_MspInit
 .text.HAL_SPI_MspInit
                0x08001e70       0x74 ./Src/stm32f7xx_hal_msp.o
                0x08001e70                HAL_SPI_MspInit
 .text.NMI_Handler
                0x08001ee4        0x2 ./Src/stm32f7xx_it.o
                0x08001ee4                NMI_Handler
 .text.HardFault_Handler
                0x08001ee6        0x2 ./Src/stm32f7xx_it.o
                0x08001ee6                HardFault_Handler
 .text.MemManage_Handler
                0x08001ee8        0x2 ./Src/stm32f7xx_it.o
                0x08001ee8                MemManage_Handler
 .text.BusFault_Handler
                0x08001eea        0x2 ./Src/stm32f7xx_it.o
                0x08001eea                BusFault_Handler
 .text.UsageFault_Handler
                0x08001eec        0x2 ./Src/stm32f7xx_it.o
                0x08001eec                UsageFault_Handler
 .text.DebugMon_Handler
                0x08001eee        0x2 ./Src/stm32f7xx_it.o
                0x08001eee                DebugMon_Handler
 .text.SysTick_Handler
                0x08001ef0       0x18 ./Src/stm32f7xx_it.o
                0x08001ef0                SysTick_Handler
 .text.SystemInit
                0x08001f08       0x4c ./Src/system_stm32f7xx.o
                0x08001f08                SystemInit
 .text.Reset_Handler
                0x08001f54       0x50 ./startup/startup_stm32f767xx.o
                0x08001f54                Reset_Handler
 .text.Default_Handler
                0x08001fa4        0x2 ./startup/startup_stm32f767xx.o
                0x08001fa4                RTC_Alarm_IRQHandler
                0x08001fa4                EXTI2_IRQHandler
                0x08001fa4                TIM8_CC_IRQHandler
                0x08001fa4                UART8_IRQHandler
                0x08001fa4                SPI4_IRQHandler
                0x08001fa4                TIM1_CC_IRQHandler
                0x08001fa4                DMA2_Stream5_IRQHandler
                0x08001fa4                JPEG_IRQHandler
                0x08001fa4                DMA1_Stream5_IRQHandler
                0x08001fa4                CAN3_RX1_IRQHandler
                0x08001fa4                PVD_IRQHandler
                0x08001fa4                TAMP_STAMP_IRQHandler
                0x08001fa4                CAN2_RX1_IRQHandler
                0x08001fa4                EXTI3_IRQHandler
                0x08001fa4                TIM8_TRG_COM_TIM14_IRQHandler
                0x08001fa4                DFSDM1_FLT1_IRQHandler
                0x08001fa4                TIM1_UP_TIM10_IRQHandler
                0x08001fa4                TIM8_UP_TIM13_IRQHandler
                0x08001fa4                I2C3_ER_IRQHandler
                0x08001fa4                DFSDM1_FLT2_IRQHandler
                0x08001fa4                EXTI0_IRQHandler
                0x08001fa4                I2C2_EV_IRQHandler
                0x08001fa4                DMA1_Stream2_IRQHandler
                0x08001fa4                CAN1_RX0_IRQHandler
                0x08001fa4                FPU_IRQHandler
                0x08001fa4                OTG_HS_WKUP_IRQHandler
                0x08001fa4                CAN3_SCE_IRQHandler
                0x08001fa4                LTDC_ER_IRQHandler
                0x08001fa4                CAN2_SCE_IRQHandler
                0x08001fa4                DMA2_Stream2_IRQHandler
                0x08001fa4                SPI1_IRQHandler
                0x08001fa4                TIM6_DAC_IRQHandler
                0x08001fa4                TIM1_BRK_TIM9_IRQHandler
                0x08001fa4                DCMI_IRQHandler
                0x08001fa4                CAN2_RX0_IRQHandler
                0x08001fa4                DMA2_Stream3_IRQHandler
                0x08001fa4                SAI2_IRQHandler
                0x08001fa4                DFSDM1_FLT3_IRQHandler
                0x08001fa4                USART6_IRQHandler
                0x08001fa4                CAN3_RX0_IRQHandler
                0x08001fa4                USART3_IRQHandler
                0x08001fa4                CAN1_RX1_IRQHandler
                0x08001fa4                UART5_IRQHandler
                0x08001fa4                DMA2_Stream0_IRQHandler
                0x08001fa4                TIM4_IRQHandler
                0x08001fa4                QUADSPI_IRQHandler
                0x08001fa4                I2C1_EV_IRQHandler
                0x08001fa4                DMA1_Stream6_IRQHandler
                0x08001fa4                DMA1_Stream1_IRQHandler
                0x08001fa4                UART4_IRQHandler
                0x08001fa4                TIM3_IRQHandler
                0x08001fa4                RCC_IRQHandler
                0x08001fa4                TIM8_BRK_TIM12_IRQHandler
                0x08001fa4                Default_Handler
                0x08001fa4                CEC_IRQHandler
                0x08001fa4                EXTI15_10_IRQHandler
                0x08001fa4                ADC_IRQHandler
                0x08001fa4                DMA1_Stream7_IRQHandler
                0x08001fa4                SPI5_IRQHandler
                0x08001fa4                TIM7_IRQHandler
                0x08001fa4                SDMMC1_IRQHandler
                0x08001fa4                CAN2_TX_IRQHandler
                0x08001fa4                TIM5_IRQHandler
                0x08001fa4                DMA2_Stream7_IRQHandler
                0x08001fa4                I2C3_EV_IRQHandler
                0x08001fa4                EXTI9_5_IRQHandler
                0x08001fa4                RTC_WKUP_IRQHandler
                0x08001fa4                LTDC_IRQHandler
                0x08001fa4                ETH_WKUP_IRQHandler
                0x08001fa4                SPDIF_RX_IRQHandler
                0x08001fa4                SPI2_IRQHandler
                0x08001fa4                OTG_HS_EP1_IN_IRQHandler
                0x08001fa4                DMA1_Stream0_IRQHandler
                0x08001fa4                CAN1_TX_IRQHandler
                0x08001fa4                EXTI4_IRQHandler
                0x08001fa4                RNG_IRQHandler
                0x08001fa4                ETH_IRQHandler
                0x08001fa4                OTG_HS_EP1_OUT_IRQHandler
                0x08001fa4                WWDG_IRQHandler
                0x08001fa4                SPI6_IRQHandler
                0x08001fa4                MDIOS_IRQHandler
                0x08001fa4                I2C4_EV_IRQHandler
                0x08001fa4                CAN3_TX_IRQHandler
                0x08001fa4                TIM2_IRQHandler
                0x08001fa4                OTG_FS_WKUP_IRQHandler
                0x08001fa4                TIM1_TRG_COM_TIM11_IRQHandler
                0x08001fa4                OTG_HS_IRQHandler
                0x08001fa4                DMA2D_IRQHandler
                0x08001fa4                EXTI1_IRQHandler
                0x08001fa4                SDMMC2_IRQHandler
                0x08001fa4                UART7_IRQHandler
                0x08001fa4                USART2_IRQHandler
                0x08001fa4                DFSDM1_FLT0_IRQHandler
                0x08001fa4                I2C2_ER_IRQHandler
                0x08001fa4                DMA2_Stream1_IRQHandler
                0x08001fa4                CAN1_SCE_IRQHandler
                0x08001fa4                FLASH_IRQHandler
                0x08001fa4                DMA2_Stream4_IRQHandler
                0x08001fa4                USART1_IRQHandler
                0x08001fa4                OTG_FS_IRQHandler
                0x08001fa4                SPI3_IRQHandler
                0x08001fa4                DMA1_Stream4_IRQHandler
                0x08001fa4                I2C1_ER_IRQHandler
                0x08001fa4                FMC_IRQHandler
                0x08001fa4                LPTIM1_IRQHandler
                0x08001fa4                I2C4_ER_IRQHandler
                0x08001fa4                DMA2_Stream6_IRQHandler
                0x08001fa4                SAI1_IRQHandler
                0x08001fa4                DMA1_Stream3_IRQHandler
 .text.memset   0x08001fa6       0x10 C:/ST/STM32CubeIDE_1.19.0/STM32CubeIDE/plugins/com.st.stm32cube.ide.mcu.externaltools.gnu-tools-for-stm32.13.3.rel1.win32_1.0.0.202411081344/tools/bin/../lib/gcc/arm-none-eabi/13.3.1/../../../../arm-none-eabi/lib/thumb/v7e-m+dp/hard\libc_nano.a(libc_a-memset.o)
                0x08001fa6                memset
 *fill*         0x08001fb6        0x2 
 .text.__libc_init_array
                0x08001fb8       0x48 C:/ST/STM32CubeIDE_1.19.0/STM32CubeIDE/plugins/com.st.stm32cube.ide.mcu.externaltools.gnu-tools-for-stm32.13.3.rel1.win32_1.0.0.202411081344/tools/bin/../lib/gcc/arm-none-eabi/13.3.1/../../../../arm-none-eabi/lib/thumb/v7e-m+dp/hard\libc_nano.a(libc_a-init.o)
                0x08001fb8                __libc_init_array
 .text.strcpy   0x08002000       0x10 C:/ST/STM32CubeIDE_1.19.0/STM32CubeIDE/plugins/com.st.stm32cube.ide.mcu.externaltools.gnu-tools-for-stm32.13.3.rel1.win32_1.0.0.202411081344/tools/bin/../lib/gcc/arm-none-eabi/13.3.1/../../../../arm-none-eabi/lib/thumb/v7e-m+dp/hard\libc_nano.a(libc_a-strcpy.o)
                0x08002000                strcpy
 .text.memcpy   0x08002010       0x1c C:/ST/STM32CubeIDE_1.19.0/STM32CubeIDE/plugins/com.st.stm32cube.ide.mcu.externaltools.gnu-tools-for-stm32.13.3.rel1.win32_1.0.0.202411081344/tools/bin/../lib/gcc/arm-none-eabi/13.3.1/../../../../arm-none-eabi/lib/thumb/v7e-m+dp/hard\libc_nano.a(libc_a-memcpy-stub.o)
                0x08002010                memcpy
 *(.glue_7)
 .glue_7        0x0800202c        0x0 linker stubs
 *(.glue_7t)
 .glue_7t       0x0800202c        0x0 linker stubs
 *(.eh_frame)
 .eh_frame      0x0800202c        0x0 C:/ST/STM32CubeIDE_1.19.0/STM32CubeIDE/plugins/com.st.stm32cube.ide.mcu.externaltools.gnu-tools-for-stm32.13.3.rel1.win32_1.0.0.202411081344/tools/bin/../lib/gcc/arm-none-eabi/13.3.1/thumb/v7e-m+dp/hard/crtbegin.o
 *(.init)
 .init          0x0800202c        0x4 C:/ST/STM32CubeIDE_1.19.0/STM32CubeIDE/plugins/com.st.stm32cube.ide.mcu.externaltools.gnu-tools-for-stm32.13.3.rel1.win32_1.0.0.202411081344/tools/bin/../lib/gcc/arm-none-eabi/13.3.1/thumb/v7e-m+dp/hard/crti.o
                0x0800202c                _init
 .init          0x08002030        0x8 C:/ST/STM32CubeIDE_1.19.0/STM32CubeIDE/plugins/com.st.stm32cube.ide.mcu.externaltools.gnu-tools-for-stm32.13.3.rel1.win32_1.0.0.202411081344/tools/bin/../lib/gcc/arm-none-eabi/13.3.1/thumb/v7e-m+dp/hard/crtn.o
 *(.fini)
 .fini          0x08002038        0x4 C:/ST/STM32CubeIDE_1.19.0/STM32CubeIDE/plugins/com.st.stm32cube.ide.mcu.externaltools.gnu-tools-for-stm32.13.3.rel1.win32_1.0.0.202411081344/tools/bin/../lib/gcc/arm-none-eabi/13.3.1/thumb/v7e-m+dp/hard/crti.o
                0x08002038                _fini
 .fini          0x0800203c        0x8 C:/ST/STM32CubeIDE_1.19.0/STM32CubeIDE/plugins/com.st.stm32cube.ide.mcu.externaltools.gnu-tools-for-stm32.13.3.rel1.win32_1.0.0.202411081344/tools/bin/../lib/gcc/arm-none-eabi/13.3.1/thumb/v7e-m+dp/hard/crtn.o
                0x08002044                        . = ALIGN (0x4)
                0x08002044                        _etext = .

.vfp11_veneer   0x08002044        0x0
 .vfp11_veneer  0x08002044        0x0 linker stubs

.v4_bx          0x08002044        0x0
 .v4_bx         0x08002044        0x0 linker stubs

.iplt           0x08002044        0x0
 .iplt          0x08002044        0x0 C:/ST/STM32CubeIDE_1.19.0/STM32CubeIDE/plugins/com.st.stm32cube.ide.mcu.externaltools.gnu-tools-for-stm32.13.3.rel1.win32_1.0.0.202411081344/tools/bin/../lib/gcc/arm-none-eabi/13.3.1/thumb/v7e-m+dp/hard/crtbegin.o

.rodata         0x08002044      0x168
                0x08002044                        . = ALIGN (0x4)
 *(.rodata)
 .rodata        0x08002044       0x1a ./Src/LLVM_Main.o
 *(.rodata*)
 .rodata.assert_failed.str1.1
                0x0800205e      0x144 ./BSP/Nucleo_F767ZI_Init.o
                                 0x42 (size before relaxing)
 .rodata.HAL_NVIC_SetPriorityGrouping.str1.1
                0x080021a2       0x61 ./Drivers/STM32F7xx_HAL_Driver/Src/stm32f7xx_hal_cortex.o
 .rodata.HAL_GPIO_Init.str1.1
                0x080021a2       0x5f ./Drivers/STM32F7xx_HAL_Driver/Src/stm32f7xx_hal_gpio.o
 .rodata.HAL_SPI_Init.str1.1
                0x080021a2       0x1b ./Inc/stm32f7xx_hal_spi.o
 .rodata._DoInit.str1.1
                0x080021a2       0x14 ./Middleware/Third_Party/SEGGER/SEGGER_RTT.o
 .rodata._abSync
                0x080021a2        0xa ./Middleware/Third_Party/SEGGER/SEGGER_SYSVIEW.o
 .rodata.main.str1.1
                0x080021ac       0x13 ./Src/LLVM_Main.o
                0x08002204                        . = ALIGN (0x4)

.ARM.extab
 *(.ARM.extab* .gnu.linkonce.armextab.*)

.ARM            0x080021ac        0x8
                0x080021ac                        __exidx_start = .
 *(.ARM.exidx*)
 .ARM.exidx     0x080021ac        0x8 C:/ST/STM32CubeIDE_1.19.0/STM32CubeIDE/plugins/com.st.stm32cube.ide.mcu.externaltools.gnu-tools-for-stm32.13.3.rel1.win32_1.0.0.202411081344/tools/bin/../lib/gcc/arm-none-eabi/13.3.1/../../../../arm-none-eabi/lib/thumb/v7e-m+dp/hard\libc_nano.a(libc_a-strlen.o)
                0x080021b4                        __exidx_end = .

.rel.dyn        0x080021b4        0x0
 .rel.iplt      0x080021b4        0x0 C:/ST/STM32CubeIDE_1.19.0/STM32CubeIDE/plugins/com.st.stm32cube.ide.mcu.externaltools.gnu-tools-for-stm32.13.3.rel1.win32_1.0.0.202411081344/tools/bin/../lib/gcc/arm-none-eabi/13.3.1/thumb/v7e-m+dp/hard/crtbegin.o

.preinit_array  0x080021b4        0x0
                0x080021b4                        PROVIDE (__preinit_array_start = .)
 *(.preinit_array*)
                0x080021b4                        PROVIDE (__preinit_array_end = .)

.init_array     0x080021b4        0x4
                0x080021b4                        PROVIDE (__init_array_start = .)
 *(SORT_BY_NAME(.init_array.*))
 *(.init_array*)
 .init_array    0x080021b4        0x4 C:/ST/STM32CubeIDE_1.19.0/STM32CubeIDE/plugins/com.st.stm32cube.ide.mcu.externaltools.gnu-tools-for-stm32.13.3.rel1.win32_1.0.0.202411081344/tools/bin/../lib/gcc/arm-none-eabi/13.3.1/thumb/v7e-m+dp/hard/crtbegin.o
                0x080021b8                        PROVIDE (__init_array_end = .)

.fini_array     0x080021b8        0x4
                [!provide]                        PROVIDE (__fini_array_start = .)
 *(SORT_BY_NAME(.fini_array.*))
 *(.fini_array*)
 .fini_array    0x080021b8        0x4 C:/ST/STM32CubeIDE_1.19.0/STM32CubeIDE/plugins/com.st.stm32cube.ide.mcu.externaltools.gnu-tools-for-stm32.13.3.rel1.win32_1.0.0.202411081344/tools/bin/../lib/gcc/arm-none-eabi/13.3.1/thumb/v7e-m+dp/hard/crtbegin.o
                [!provide]                        PROVIDE (__fini_array_end = .)
                0x080021bc                        _sidata = LOADADDR (.data)

.data           0x20000000        0xc load address 0x080021bc
                0x20000000                        . = ALIGN (0x4)
                0x20000000                        _sdata = .
 *(.data)
 *(.data*)
 .data.uwTickFreq
                0x20000000        0x1 ./Drivers/STM32F7xx_HAL_Driver/Src/stm32f7xx_hal.o
                0x20000000                uwTickFreq
 *fill*         0x20000001        0x3 
 .data.uwTickPrio
                0x20000004        0x4 ./Drivers/STM32F7xx_HAL_Driver/Src/stm32f7xx_hal.o
                0x20000004                uwTickPrio
 .data.SystemCoreClock
                0x20000008        0x4 ./Src/system_stm32f7xx.o
                0x20000008                SystemCoreClock
                0x2000000c                        . = ALIGN (0x4)
                0x2000000c                        _edata = .

.igot.plt       0x2000000c        0x0 load address 0x080021c8
 .igot.plt      0x2000000c        0x0 C:/ST/STM32CubeIDE_1.19.0/STM32CubeIDE/plugins/com.st.stm32cube.ide.mcu.externaltools.gnu-tools-for-stm32.13.3.rel1.win32_1.0.0.202411081344/tools/bin/../lib/gcc/arm-none-eabi/13.3.1/thumb/v7e-m+dp/hard/crtbegin.o
                0x2000000c                        . = ALIGN (0x4)

.bss            0x2000000c      0xadc load address 0x080021c8
                0x2000000c                        _sbss = .
                0x2000000c                        __bss_start__ = _sbss
 *(.bss)
 .bss           0x2000000c       0x1c C:/ST/STM32CubeIDE_1.19.0/STM32CubeIDE/plugins/com.st.stm32cube.ide.mcu.externaltools.gnu-tools-for-stm32.13.3.rel1.win32_1.0.0.202411081344/tools/bin/../lib/gcc/arm-none-eabi/13.3.1/thumb/v7e-m+dp/hard/crtbegin.o
 *(.bss*)
 .bss.uwTick    0x20000028        0x4 ./Drivers/STM32F7xx_HAL_Driver/Src/stm32f7xx_hal.o
                0x20000028                uwTick
 .bss.uxSchedulerSuspended
                0x2000002c        0x4 ./Middleware/Third_Party/FreeRTOS/Source/tasks.o
 .bss.xIdleTaskHandle
                0x20000030        0x4 ./Middleware/Third_Party/FreeRTOS/Source/tasks.o
 .bss.xNextTaskUnblockTime
                0x20000034        0x4 ./Middleware/Third_Party/FreeRTOS/Source/tasks.o
 .bss.xNumOfOverflows
                0x20000038        0x4 ./Middleware/Third_Party/FreeRTOS/Source/tasks.o
 .bss.xYieldPending
                0x2000003c        0x4 ./Middleware/Third_Party/FreeRTOS/Source/tasks.o
 .bss.uxPendedTicks
                0x20000040        0x4 ./Middleware/Third_Party/FreeRTOS/Source/tasks.o
 .bss.xSchedulerRunning
                0x20000044        0x4 ./Middleware/Third_Party/FreeRTOS/Source/tasks.o
 .bss.uxTopReadyPriority
                0x20000048        0x4 ./Middleware/Third_Party/FreeRTOS/Source/tasks.o
 .bss.xTickCount
                0x2000004c        0x4 ./Middleware/Third_Party/FreeRTOS/Source/tasks.o
 .bss.pxOverflowDelayedTaskList
                0x20000050        0x4 ./Middleware/Third_Party/FreeRTOS/Source/tasks.o
 .bss.pxDelayedTaskList
                0x20000054        0x4 ./Middleware/Third_Party/FreeRTOS/Source/tasks.o
 .bss.pxReadyTasksLists
                0x20000058      0x460 ./Middleware/Third_Party/FreeRTOS/Source/tasks.o
 .bss.pxCurrentTCB
                0x200004b8        0x4 ./Middleware/Third_Party/FreeRTOS/Source/tasks.o
                0x200004b8                pxCurrentTCB
 .bss._acDownBuffer
                0x200004bc       0x10 ./Middleware/Third_Party/SEGGER/SEGGER_RTT.o
 .bss._acUpBuffer
                0x200004cc      0x400 ./Middleware/Third_Party/SEGGER/SEGGER_RTT.o
 .bss._SEGGER_RTT
                0x200008cc       0xa8 ./Middleware/Third_Party/SEGGER/SEGGER_RTT.o
                0x200008cc                _SEGGER_RTT
 .bss._aPacket  0x20000974       0xe3 ./Middleware/Third_Party/SEGGER/SEGGER_SYSVIEW.o
 .bss._NumModules
                0x20000a57        0x1 ./Middleware/Third_Party/SEGGER/SEGGER_SYSVIEW.o
 .bss._pFirstModule
                0x20000a58        0x4 ./Middleware/Third_Party/SEGGER/SEGGER_SYSVIEW.o
 .bss._SYSVIEW_Globals
                0x20000a5c       0x28 ./Middleware/Third_Party/SEGGER/SEGGER_SYSVIEW.o
 .bss.hspi1     0x20000a84       0x64 ./Src/LLVM_Main.o
                0x20000a84                hspi1
 *(COMMON)
                0x20000ae8                        . = ALIGN (0x4)
                0x20000ae8                        _ebss = .
                0x20000ae8                        __bss_end__ = _ebss

._user_heap_stack
                0x20000ae8      0x600 load address 0x080021c8
                0x20000ae8                        . = ALIGN (0x4)
                0x20000ae8                        PROVIDE (end = .)
                [!provide]                        PROVIDE (_end = .)
                0x20000ce8                        . = (. + _Min_Heap_Size)
 *fill*         0x20000ae8      0x200 
                0x200010e8                        . = (. + _Min_Stack_Size)
 *fill*         0x20000ce8      0x400 
                0x200010e8                        . = ALIGN (0x4)

/DISCARD/
 libc.a(*)
 libm.a(*)
 libgcc.a(*)

.ARM.attributes
                0x00000000       0x2e
 *(.ARM.attributes)
 .ARM.attributes
                0x00000000       0x20 C:/ST/STM32CubeIDE_1.19.0/STM32CubeIDE/plugins/com.st.stm32cube.ide.mcu.externaltools.gnu-tools-for-stm32.13.3.rel1.win32_1.0.0.202411081344/tools/bin/../lib/gcc/arm-none-eabi/13.3.1/thumb/v7e-m+dp/hard/crti.o
 .ARM.attributes
                0x00000020       0x32 C:/ST/STM32CubeIDE_1.19.0/STM32CubeIDE/plugins/com.st.stm32cube.ide.mcu.externaltools.gnu-tools-for-stm32.13.3.rel1.win32_1.0.0.202411081344/tools/bin/../lib/gcc/arm-none-eabi/13.3.1/thumb/v7e-m+dp/hard/crtbegin.o
 .ARM.attributes
                0x00000052       0x32 ./BSP/Nucleo_F767ZI_Init.o
 .ARM.attributes
                0x00000084       0x32 ./Drivers/STM32F7xx_HAL_Driver/Src/stm32f7xx_hal.o
 .ARM.attributes
                0x000000b6       0x32 ./Drivers/STM32F7xx_HAL_Driver/Src/stm32f7xx_hal_cortex.o
 .ARM.attributes
                0x000000e8       0x32 ./Drivers/STM32F7xx_HAL_Driver/Src/stm32f7xx_hal_gpio.o
 .ARM.attributes
                0x0000011a       0x32 ./Inc/stm32f7xx_hal_spi.o
 .ARM.attributes
                0x0000014c       0x32 ./Middleware/Third_Party/FreeRTOS/Source/CMSIS_RTOS_V2/cmsis_os2.o
 .ARM.attributes
                0x0000017e       0x32 ./Middleware/Third_Party/FreeRTOS/Source/list.o
 .ARM.attributes
                0x000001b0       0x32 ./Middleware/Third_Party/FreeRTOS/Source/tasks.o
 .ARM.attributes
                0x000001e2       0x32 ./Middleware/Third_Party/FreeRTOS/Source/portable/GCC/ARM_CM7/r0p1/port.o
 .ARM.attributes
                0x00000214       0x32 ./Middleware/Third_Party/SEGGER/SEGGER_RTT.o
 .ARM.attributes
                0x00000246       0x1e ./Middleware/Third_Party/SEGGER/SEGGER_RTT_ASM_ARMv7M.o
 .ARM.attributes
                0x00000264       0x32 ./Middleware/Third_Party/SEGGER/SEGGER_SYSVIEW.o
 .ARM.attributes
                0x00000296       0x32 ./Src/LLVM_Main.o
 .ARM.attributes
                0x000002c8       0x32 ./Src/stm32f7xx_hal_msp.o
 .ARM.attributes
                0x000002fa       0x32 ./Src/stm32f7xx_it.o
 .ARM.attributes
                0x0000032c       0x32 ./Src/system_stm32f7xx.o
 .ARM.attributes
                0x0000035e       0x21 ./startup/startup_stm32f767xx.o
 .ARM.attributes
                0x0000037f       0x32 C:/ST/STM32CubeIDE_1.19.0/STM32CubeIDE/plugins/com.st.stm32cube.ide.mcu.externaltools.gnu-tools-for-stm32.13.3.rel1.win32_1.0.0.202411081344/tools/bin/../lib/gcc/arm-none-eabi/13.3.1/../../../../arm-none-eabi/lib/thumb/v7e-m+dp/hard\libc_nano.a(libc_a-memset.o)
 .ARM.attributes
                0x000003b1       0x32 C:/ST/STM32CubeIDE_1.19.0/STM32CubeIDE/plugins/com.st.stm32cube.ide.mcu.externaltools.gnu-tools-for-stm32.13.3.rel1.win32_1.0.0.202411081344/tools/bin/../lib/gcc/arm-none-eabi/13.3.1/../../../../arm-none-eabi/lib/thumb/v7e-m+dp/hard\libc_nano.a(libc_a-init.o)
 .ARM.attributes
                0x000003e3       0x32 C:/ST/STM32CubeIDE_1.19.0/STM32CubeIDE/plugins/com.st.stm32cube.ide.mcu.externaltools.gnu-tools-for-stm32.13.3.rel1.win32_1.0.0.202411081344/tools/bin/../lib/gcc/arm-none-eabi/13.3.1/../../../../arm-none-eabi/lib/thumb/v7e-m+dp/hard\libc_nano.a(libc_a-strcpy.o)
 .ARM.attributes
                0x00000415       0x32 C:/ST/STM32CubeIDE_1.19.0/STM32CubeIDE/plugins/com.st.stm32cube.ide.mcu.externaltools.gnu-tools-for-stm32.13.3.rel1.win32_1.0.0.202411081344/tools/bin/../lib/gcc/arm-none-eabi/13.3.1/../../../../arm-none-eabi/lib/thumb/v7e-m+dp/hard\libc_nano.a(libc_a-memcpy-stub.o)
 .ARM.attributes
                0x00000447       0x17 C:/ST/STM32CubeIDE_1.19.0/STM32CubeIDE/plugins/com.st.stm32cube.ide.mcu.externaltools.gnu-tools-for-stm32.13.3.rel1.win32_1.0.0.202411081344/tools/bin/../lib/gcc/arm-none-eabi/13.3.1/../../../../arm-none-eabi/lib/thumb/v7e-m+dp/hard\libc_nano.a(libc_a-strlen.o)
 .ARM.attributes
                0x0000045e       0x20 C:/ST/STM32CubeIDE_1.19.0/STM32CubeIDE/plugins/com.st.stm32cube.ide.mcu.externaltools.gnu-tools-for-stm32.13.3.rel1.win32_1.0.0.202411081344/tools/bin/../lib/gcc/arm-none-eabi/13.3.1/thumb/v7e-m+dp/hard/crtn.o
OUTPUT(LLVM_Testing_Program.elf elf32-littlearm)
LOAD linker stubs
LOAD C:/ST/STM32CubeIDE_1.19.0/STM32CubeIDE/plugins/com.st.stm32cube.ide.mcu.externaltools.gnu-tools-for-stm32.13.3.rel1.win32_1.0.0.202411081344/tools/bin/../lib/gcc/arm-none-eabi/13.3.1/../../../../arm-none-eabi/lib/thumb/v7e-m+dp/hard\libc.a
LOAD C:/ST/STM32CubeIDE_1.19.0/STM32CubeIDE/plugins/com.st.stm32cube.ide.mcu.externaltools.gnu-tools-for-stm32.13.3.rel1.win32_1.0.0.202411081344/tools/bin/../lib/gcc/arm-none-eabi/13.3.1/../../../../arm-none-eabi/lib/thumb/v7e-m+dp/hard\libm.a
LOAD C:/ST/STM32CubeIDE_1.19.0/STM32CubeIDE/plugins/com.st.stm32cube.ide.mcu.externaltools.gnu-tools-for-stm32.13.3.rel1.win32_1.0.0.202411081344/tools/bin/../lib/gcc/arm-none-eabi/13.3.1/thumb/v7e-m+dp/hard\libgcc.a

.debug_info     0x00000000    0x180a0
 .debug_info    0x00000000     0x121a ./BSP/Nucleo_F767ZI_Init.o
 .debug_info    0x0000121a      0xb68 ./Drivers/STM32F7xx_HAL_Driver/Src/stm32f7xx_hal.o
 .debug_info    0x00001d82     0x14cb ./Drivers/STM32F7xx_HAL_Driver/Src/stm32f7xx_hal_cortex.o
 .debug_info    0x0000324d      0x8d3 ./Drivers/STM32F7xx_HAL_Driver/Src/stm32f7xx_hal_gpio.o
 .debug_info    0x00003b20     0x2412 ./Inc/stm32f7xx_hal_spi.o
 .debug_info    0x00005f32     0x4c78 ./Middleware/Third_Party/FreeRTOS/Source/CMSIS_RTOS_V2/cmsis_os2.o
 .debug_info    0x0000abaa      0x2c3 ./Middleware/Third_Party/FreeRTOS/Source/list.o
 .debug_info    0x0000ae6d     0x3957 ./Middleware/Third_Party/FreeRTOS/Source/tasks.o
 .debug_info    0x0000e7c4      0x56a ./Middleware/Third_Party/FreeRTOS/Source/portable/GCC/ARM_CM7/r0p1/port.o
 .debug_info    0x0000ed2e     0x14b8 ./Middleware/Third_Party/SEGGER/SEGGER_RTT.o
 .debug_info    0x000101e6       0x25 ./Middleware/Third_Party/SEGGER/SEGGER_RTT_ASM_ARMv7M.o
 .debug_info    0x0001020b     0x4e17 ./Middleware/Third_Party/SEGGER/SEGGER_SYSVIEW.o
 .debug_info    0x00015022     0x1e2e ./Src/LLVM_Main.o
 .debug_info    0x00016e50      0x9e0 ./Src/stm32f7xx_hal_msp.o
 .debug_info    0x00017830      0x13a ./Src/stm32f7xx_it.o
 .debug_info    0x0001796a      0x706 ./Src/system_stm32f7xx.o
 .debug_info    0x00018070       0x30 ./startup/startup_stm32f767xx.o

.debug_abbrev   0x00000000     0x2ced
 .debug_abbrev  0x00000000      0x327 ./BSP/Nucleo_F767ZI_Init.o
 .debug_abbrev  0x00000327      0x28b ./Drivers/STM32F7xx_HAL_Driver/Src/stm32f7xx_hal.o
 .debug_abbrev  0x000005b2      0x3d8 ./Drivers/STM32F7xx_HAL_Driver/Src/stm32f7xx_hal_cortex.o
 .debug_abbrev  0x0000098a      0x234 ./Drivers/STM32F7xx_HAL_Driver/Src/stm32f7xx_hal_gpio.o
 .debug_abbrev  0x00000bbe      0x36d ./Inc/stm32f7xx_hal_spi.o
 .debug_abbrev  0x00000f2b      0x587 ./Middleware/Third_Party/FreeRTOS/Source/CMSIS_RTOS_V2/cmsis_os2.o
 .debug_abbrev  0x000014b2      0x10c ./Middleware/Third_Party/FreeRTOS/Source/list.o
 .debug_abbrev  0x000015be      0x4e9 ./Middleware/Third_Party/FreeRTOS/Source/tasks.o
 .debug_abbrev  0x00001aa7      0x2dd ./Middleware/Third_Party/FreeRTOS/Source/portable/GCC/ARM_CM7/r0p1/port.o
 .debug_abbrev  0x00001d84      0x2db ./Middleware/Third_Party/SEGGER/SEGGER_RTT.o
 .debug_abbrev  0x0000205f       0x14 ./Middleware/Third_Party/SEGGER/SEGGER_RTT_ASM_ARMv7M.o
 .debug_abbrev  0x00002073      0x467 ./Middleware/Third_Party/SEGGER/SEGGER_SYSVIEW.o
 .debug_abbrev  0x000024da      0x3fd ./Src/LLVM_Main.o
 .debug_abbrev  0x000028d7      0x1d0 ./Src/stm32f7xx_hal_msp.o
 .debug_abbrev  0x00002aa7       0xe1 ./Src/stm32f7xx_it.o
 .debug_abbrev  0x00002b88      0x141 ./Src/system_stm32f7xx.o
 .debug_abbrev  0x00002cc9       0x24 ./startup/startup_stm32f767xx.o

.debug_loclists
                0x00000000     0xb929
 .debug_loclists
                0x00000000       0x71 ./BSP/Nucleo_F767ZI_Init.o
 .debug_loclists
                0x00000071       0xaf ./Drivers/STM32F7xx_HAL_Driver/Src/stm32f7xx_hal.o
 .debug_loclists
                0x00000120      0x58a ./Drivers/STM32F7xx_HAL_Driver/Src/stm32f7xx_hal_cortex.o
 .debug_loclists
                0x000006aa      0x41d ./Drivers/STM32F7xx_HAL_Driver/Src/stm32f7xx_hal_gpio.o
 .debug_loclists
                0x00000ac7      0xf6b ./Inc/stm32f7xx_hal_spi.o
 .debug_loclists
                0x00001a32     0x2945 ./Middleware/Third_Party/FreeRTOS/Source/CMSIS_RTOS_V2/cmsis_os2.o
 .debug_loclists
                0x00004377       0x77 ./Middleware/Third_Party/FreeRTOS/Source/list.o
 .debug_loclists
                0x000043ee     0x15e9 ./Middleware/Third_Party/FreeRTOS/Source/tasks.o
 .debug_loclists
                0x000059d7       0x77 ./Middleware/Third_Party/FreeRTOS/Source/portable/GCC/ARM_CM7/r0p1/port.o
 .debug_loclists
                0x00005a4e      0xe80 ./Middleware/Third_Party/SEGGER/SEGGER_RTT.o
 .debug_loclists
                0x000068ce     0x4816 ./Middleware/Third_Party/SEGGER/SEGGER_SYSVIEW.o
 .debug_loclists
                0x0000b0e4      0x72d ./Src/LLVM_Main.o
 .debug_loclists
                0x0000b811       0x54 ./Src/stm32f7xx_hal_msp.o
 .debug_loclists
                0x0000b865       0xc4 ./Src/system_stm32f7xx.o

.debug_aranges  0x00000000      0xda8
 .debug_aranges
                0x00000000       0x40 ./BSP/Nucleo_F767ZI_Init.o
 .debug_aranges
                0x00000040      0x110 ./Drivers/STM32F7xx_HAL_Driver/Src/stm32f7xx_hal.o
 .debug_aranges
                0x00000150       0xa8 ./Drivers/STM32F7xx_HAL_Driver/Src/stm32f7xx_hal_cortex.o
 .debug_aranges
                0x000001f8       0x58 ./Drivers/STM32F7xx_HAL_Driver/Src/stm32f7xx_hal_gpio.o
 .debug_aranges
                0x00000250      0x1d8 ./Inc/stm32f7xx_hal_spi.o
 .debug_aranges
                0x00000428      0x238 ./Middleware/Third_Party/FreeRTOS/Source/CMSIS_RTOS_V2/cmsis_os2.o
 .debug_aranges
                0x00000660       0x40 ./Middleware/Third_Party/FreeRTOS/Source/list.o
 .debug_aranges
                0x000006a0      0x1f8 ./Middleware/Third_Party/FreeRTOS/Source/tasks.o
 .debug_aranges
                0x00000898       0x80 ./Middleware/Third_Party/FreeRTOS/Source/portable/GCC/ARM_CM7/r0p1/port.o
 .debug_aranges
                0x00000918      0x108 ./Middleware/Third_Party/SEGGER/SEGGER_RTT.o
 .debug_aranges
                0x00000a20       0x20 ./Middleware/Third_Party/SEGGER/SEGGER_RTT_ASM_ARMv7M.o
 .debug_aranges
                0x00000a40      0x248 ./Middleware/Third_Party/SEGGER/SEGGER_SYSVIEW.o
 .debug_aranges
                0x00000c88       0x50 ./Src/LLVM_Main.o
 .debug_aranges
                0x00000cd8       0x30 ./Src/stm32f7xx_hal_msp.o
 .debug_aranges
                0x00000d08       0x50 ./Src/stm32f7xx_it.o
 .debug_aranges
                0x00000d58       0x28 ./Src/system_stm32f7xx.o
 .debug_aranges
                0x00000d80       0x28 ./startup/startup_stm32f767xx.o

.debug_rnglists
                0x00000000     0x1686
 .debug_rnglists
                0x00000000       0x79 ./BSP/Nucleo_F767ZI_Init.o
 .debug_rnglists
                0x00000079       0xc7 ./Drivers/STM32F7xx_HAL_Driver/Src/stm32f7xx_hal.o
 .debug_rnglists
                0x00000140       0xde ./Drivers/STM32F7xx_HAL_Driver/Src/stm32f7xx_hal_cortex.o
 .debug_rnglists
                0x0000021e       0x4e ./Drivers/STM32F7xx_HAL_Driver/Src/stm32f7xx_hal_gpio.o
 .debug_rnglists
                0x0000026c      0x1a2 ./Inc/stm32f7xx_hal_spi.o
 .debug_rnglists
                0x0000040e      0x2e7 ./Middleware/Third_Party/FreeRTOS/Source/CMSIS_RTOS_V2/cmsis_os2.o
 .debug_rnglists
                0x000006f5       0x2b ./Middleware/Third_Party/FreeRTOS/Source/list.o
 .debug_rnglists
                0x00000720      0x282 ./Middleware/Third_Party/FreeRTOS/Source/tasks.o
 .debug_rnglists
                0x000009a2       0x77 ./Middleware/Third_Party/FreeRTOS/Source/portable/GCC/ARM_CM7/r0p1/port.o
 .debug_rnglists
                0x00000a19       0xec ./Middleware/Third_Party/SEGGER/SEGGER_RTT.o
 .debug_rnglists
                0x00000b05      0x9cd ./Middleware/Third_Party/SEGGER/SEGGER_SYSVIEW.o
 .debug_rnglists
                0x000014d2      0x108 ./Src/LLVM_Main.o
 .debug_rnglists
                0x000015da       0x43 ./Src/stm32f7xx_hal_msp.o
 .debug_rnglists
                0x0000161d       0x37 ./Src/stm32f7xx_it.o
 .debug_rnglists
                0x00001654       0x19 ./Src/system_stm32f7xx.o
 .debug_rnglists
                0x0000166d       0x19 ./startup/startup_stm32f767xx.o

.debug_macro    0x00000000     0x4557
 .debug_macro   0x00000000      0x2f6 ./BSP/Nucleo_F767ZI_Init.o
 .debug_macro   0x000002f6      0x13c ./BSP/Nucleo_F767ZI_Init.o
 .debug_macro   0x00000432       0x58 ./BSP/Nucleo_F767ZI_Init.o
 .debug_macro   0x0000048a       0x40 ./BSP/Nucleo_F767ZI_Init.o
 .debug_macro   0x000004ca       0x4c ./BSP/Nucleo_F767ZI_Init.o
 .debug_macro   0x00000516      0x1cd ./BSP/Nucleo_F767ZI_Init.o
 .debug_macro   0x000006e3      0x45a ./BSP/Nucleo_F767ZI_Init.o
 .debug_macro   0x00000b3d      0x15a ./BSP/Nucleo_F767ZI_Init.o
 .debug_macro   0x00000c97       0xc9 ./BSP/Nucleo_F767ZI_Init.o
 .debug_macro   0x00000d60       0x1c ./BSP/Nucleo_F767ZI_Init.o
 .debug_macro   0x00000d7c       0x26 ./BSP/Nucleo_F767ZI_Init.o
 .debug_macro   0x00000da2      0x38a ./BSP/Nucleo_F767ZI_Init.o
 .debug_macro   0x0000112c      0x13c ./BSP/Nucleo_F767ZI_Init.o
 .debug_macro   0x00001268      0x26d ./Drivers/STM32F7xx_HAL_Driver/Src/stm32f7xx_hal.o
 .debug_macro   0x000014d5      0x249 ./Drivers/STM32F7xx_HAL_Driver/Src/stm32f7xx_hal_cortex.o
 .debug_macro   0x0000171e      0x27f ./Drivers/STM32F7xx_HAL_Driver/Src/stm32f7xx_hal_gpio.o
 .debug_macro   0x0000199d      0x258 ./Inc/stm32f7xx_hal_spi.o
 .debug_macro   0x00001bf5      0x287 ./Middleware/Third_Party/FreeRTOS/Source/CMSIS_RTOS_V2/cmsis_os2.o
 .debug_macro   0x00001e7c       0x5b ./Middleware/Third_Party/FreeRTOS/Source/CMSIS_RTOS_V2/cmsis_os2.o
 .debug_macro   0x00001ed7       0x29 ./Middleware/Third_Party/FreeRTOS/Source/CMSIS_RTOS_V2/cmsis_os2.o
 .debug_macro   0x00001f00       0x94 ./Middleware/Third_Party/FreeRTOS/Source/CMSIS_RTOS_V2/cmsis_os2.o
 .debug_macro   0x00001f94       0x43 ./Middleware/Third_Party/FreeRTOS/Source/CMSIS_RTOS_V2/cmsis_os2.o
 .debug_macro   0x00001fd7       0x34 ./Middleware/Third_Party/FreeRTOS/Source/CMSIS_RTOS_V2/cmsis_os2.o
 .debug_macro   0x0000200b       0x57 ./Middleware/Third_Party/FreeRTOS/Source/CMSIS_RTOS_V2/cmsis_os2.o
 .debug_macro   0x00002062      0x370 ./Middleware/Third_Party/FreeRTOS/Source/CMSIS_RTOS_V2/cmsis_os2.o
 .debug_macro   0x000023d2       0x16 ./Middleware/Third_Party/FreeRTOS/Source/CMSIS_RTOS_V2/cmsis_os2.o
 .debug_macro   0x000023e8       0x4a ./Middleware/Third_Party/FreeRTOS/Source/CMSIS_RTOS_V2/cmsis_os2.o
 .debug_macro   0x00002432       0x34 ./Middleware/Third_Party/FreeRTOS/Source/CMSIS_RTOS_V2/cmsis_os2.o
 .debug_macro   0x00002466       0x10 ./Middleware/Third_Party/FreeRTOS/Source/CMSIS_RTOS_V2/cmsis_os2.o
 .debug_macro   0x00002476       0x58 ./Middleware/Third_Party/FreeRTOS/Source/CMSIS_RTOS_V2/cmsis_os2.o
 .debug_macro   0x000024ce       0x8e ./Middleware/Third_Party/FreeRTOS/Source/CMSIS_RTOS_V2/cmsis_os2.o
 .debug_macro   0x0000255c       0x1c ./Middleware/Third_Party/FreeRTOS/Source/CMSIS_RTOS_V2/cmsis_os2.o
 .debug_macro   0x00002578      0x185 ./Middleware/Third_Party/FreeRTOS/Source/CMSIS_RTOS_V2/cmsis_os2.o
 .debug_macro   0x000026fd       0x10 ./Middleware/Third_Party/FreeRTOS/Source/CMSIS_RTOS_V2/cmsis_os2.o
 .debug_macro   0x0000270d       0x3c ./Middleware/Third_Party/FreeRTOS/Source/CMSIS_RTOS_V2/cmsis_os2.o
 .debug_macro   0x00002749       0x20 ./Middleware/Third_Party/FreeRTOS/Source/CMSIS_RTOS_V2/cmsis_os2.o
 .debug_macro   0x00002769       0x10 ./Middleware/Third_Party/FreeRTOS/Source/CMSIS_RTOS_V2/cmsis_os2.o
 .debug_macro   0x00002779       0x74 ./Middleware/Third_Party/FreeRTOS/Source/CMSIS_RTOS_V2/cmsis_os2.o
 .debug_macro   0x000027ed       0xd3 ./Middleware/Third_Party/FreeRTOS/Source/CMSIS_RTOS_V2/cmsis_os2.o
 .debug_macro   0x000028c0       0xb5 ./Middleware/Third_Party/FreeRTOS/Source/CMSIS_RTOS_V2/cmsis_os2.o
 .debug_macro   0x00002975       0xaa ./Middleware/Third_Party/FreeRTOS/Source/CMSIS_RTOS_V2/cmsis_os2.o
 .debug_macro   0x00002a1f       0x91 ./Middleware/Third_Party/FreeRTOS/Source/CMSIS_RTOS_V2/cmsis_os2.o
 .debug_macro   0x00002ab0       0x8d ./Middleware/Third_Party/FreeRTOS/Source/CMSIS_RTOS_V2/cmsis_os2.o
 .debug_macro   0x00002b3d       0x9a ./Middleware/Third_Party/FreeRTOS/Source/CMSIS_RTOS_V2/cmsis_os2.o
 .debug_macro   0x00002bd7      0x1c7 ./Middleware/Third_Party/FreeRTOS/Source/list.o
 .debug_macro   0x00002d9e      0x2eb ./Middleware/Third_Party/FreeRTOS/Source/tasks.o
 .debug_macro   0x00003089       0x10 ./Middleware/Third_Party/FreeRTOS/Source/tasks.o
 .debug_macro   0x00003099       0x1c ./Middleware/Third_Party/FreeRTOS/Source/tasks.o
 .debug_macro   0x000030b5       0x1c ./Middleware/Third_Party/FreeRTOS/Source/tasks.o
 .debug_macro   0x000030d1       0x16 ./Middleware/Third_Party/FreeRTOS/Source/tasks.o
 .debug_macro   0x000030e7      0x146 ./Middleware/Third_Party/FreeRTOS/Source/tasks.o
 .debug_macro   0x0000322d      0x1c4 ./Middleware/Third_Party/FreeRTOS/Source/portable/GCC/ARM_CM7/r0p1/port.o
 .debug_macro   0x000033f1      0x1b3 ./Middleware/Third_Party/SEGGER/SEGGER_RTT.o
 .debug_macro   0x000035a4       0x48 ./Middleware/Third_Party/SEGGER/SEGGER_RTT.o
 .debug_macro   0x000035ec      0x11c ./Middleware/Third_Party/SEGGER/SEGGER_RTT.o
 .debug_macro   0x00003708      0x208 ./Middleware/Third_Party/SEGGER/SEGGER_SYSVIEW.o
 .debug_macro   0x00003910       0x65 ./Middleware/Third_Party/SEGGER/SEGGER_SYSVIEW.o
 .debug_macro   0x00003975       0x35 ./Middleware/Third_Party/SEGGER/SEGGER_SYSVIEW.o
 .debug_macro   0x000039aa       0x10 ./Middleware/Third_Party/SEGGER/SEGGER_SYSVIEW.o
 .debug_macro   0x000039ba      0x2b0 ./Src/LLVM_Main.o
 .debug_macro   0x00003c6a      0x258 ./Src/stm32f7xx_hal_msp.o
 .debug_macro   0x00003ec2      0x30a ./Src/stm32f7xx_it.o
 .debug_macro   0x000041cc      0x13c ./Src/stm32f7xx_it.o
 .debug_macro   0x00004308      0x24f ./Src/system_stm32f7xx.o

.debug_line     0x00000000    0x16237
 .debug_line    0x00000000      0xc35 ./BSP/Nucleo_F767ZI_Init.o
 .debug_line    0x00000c35      0xc57 ./Drivers/STM32F7xx_HAL_Driver/Src/stm32f7xx_hal.o
 .debug_line    0x0000188c      0xf79 ./Drivers/STM32F7xx_HAL_Driver/Src/stm32f7xx_hal_cortex.o
 .debug_line    0x00002805      0xec6 ./Drivers/STM32F7xx_HAL_Driver/Src/stm32f7xx_hal_gpio.o
 .debug_line    0x000036cb     0x3060 ./Inc/stm32f7xx_hal_spi.o
 .debug_line    0x0000672b     0x3242 ./Middleware/Third_Party/FreeRTOS/Source/CMSIS_RTOS_V2/cmsis_os2.o
 .debug_line    0x0000996d      0x8b8 ./Middleware/Third_Party/FreeRTOS/Source/list.o
 .debug_line    0x0000a225     0x2eb4 ./Middleware/Third_Party/FreeRTOS/Source/tasks.o
 .debug_line    0x0000d0d9      0xa5f ./Middleware/Third_Party/FreeRTOS/Source/portable/GCC/ARM_CM7/r0p1/port.o
 .debug_line    0x0000db38     0x133d ./Middleware/Third_Party/SEGGER/SEGGER_RTT.o
 .debug_line    0x0000ee75       0x84 ./Middleware/Third_Party/SEGGER/SEGGER_RTT_ASM_ARMv7M.o
 .debug_line    0x0000eef9     0x48ae ./Middleware/Third_Party/SEGGER/SEGGER_SYSVIEW.o
 .debug_line    0x000137a7      0xdb3 ./Src/LLVM_Main.o
 .debug_line    0x0001455a      0x8eb ./Src/stm32f7xx_hal_msp.o
 .debug_line    0x00014e45      0xa6e ./Src/stm32f7xx_it.o
 .debug_line    0x000158b3      0x90c ./Src/system_stm32f7xx.o
 .debug_line    0x000161bf       0x78 ./startup/startup_stm32f767xx.o

.debug_str      0x00000000   0x112393
 .debug_str     0x00000000   0x112393 ./BSP/Nucleo_F767ZI_Init.o
                             0x1054b6 (size before relaxing)
 .debug_str     0x00112393    0xfed32 ./Drivers/STM32F7xx_HAL_Driver/Src/stm32f7xx_hal.o
 .debug_str     0x00112393    0xfecf1 ./Drivers/STM32F7xx_HAL_Driver/Src/stm32f7xx_hal_cortex.o
 .debug_str     0x00112393    0xfe4ac ./Drivers/STM32F7xx_HAL_Driver/Src/stm32f7xx_hal_gpio.o
 .debug_str     0x00112393    0xfeae4 ./Inc/stm32f7xx_hal_spi.o
 .debug_str     0x00112393    0x123bc ./Middleware/Third_Party/FreeRTOS/Source/CMSIS_RTOS_V2/cmsis_os2.o
 .debug_str     0x00112393     0xe144 ./Middleware/Third_Party/FreeRTOS/Source/list.o
 .debug_str     0x00112393    0x11001 ./Middleware/Third_Party/FreeRTOS/Source/tasks.o
 .debug_str     0x00112393     0xbcc9 ./Middleware/Third_Party/FreeRTOS/Source/portable/GCC/ARM_CM7/r0p1/port.o
 .debug_str     0x00112393     0x7911 ./Middleware/Third_Party/SEGGER/SEGGER_RTT.o
 .debug_str     0x00112393       0xbc ./Middleware/Third_Party/SEGGER/SEGGER_RTT_ASM_ARMv7M.o
 .debug_str     0x00112393     0x9707 ./Middleware/Third_Party/SEGGER/SEGGER_SYSVIEW.o
 .debug_str     0x00112393    0xfedbf ./Src/LLVM_Main.o
 .debug_str     0x00112393    0xfeb51 ./Src/stm32f7xx_hal_msp.o
 .debug_str     0x00112393   0x1057dc ./Src/stm32f7xx_it.o
 .debug_str     0x00112393    0xfe2c9 ./Src/system_stm32f7xx.o
 .debug_str     0x00112393       0x8c ./startup/startup_stm32f767xx.o

.comment        0x00000000       0x43
 .comment       0x00000000       0x43 ./BSP/Nucleo_F767ZI_Init.o
                                 0x44 (size before relaxing)
 .comment       0x00000043       0x44 ./Drivers/STM32F7xx_HAL_Driver/Src/stm32f7xx_hal.o
 .comment       0x00000043       0x44 ./Drivers/STM32F7xx_HAL_Driver/Src/stm32f7xx_hal_cortex.o
 .comment       0x00000043       0x44 ./Drivers/STM32F7xx_HAL_Driver/Src/stm32f7xx_hal_gpio.o
 .comment       0x00000043       0x44 ./Inc/stm32f7xx_hal_spi.o
 .comment       0x00000043       0x44 ./Middleware/Third_Party/FreeRTOS/Source/CMSIS_RTOS_V2/cmsis_os2.o
 .comment       0x00000043       0x44 ./Middleware/Third_Party/FreeRTOS/Source/list.o
 .comment       0x00000043       0x44 ./Middleware/Third_Party/FreeRTOS/Source/tasks.o
 .comment       0x00000043       0x44 ./Middleware/Third_Party/FreeRTOS/Source/portable/GCC/ARM_CM7/r0p1/port.o
 .comment       0x00000043       0x44 ./Middleware/Third_Party/SEGGER/SEGGER_RTT.o
 .comment       0x00000043       0x44 ./Middleware/Third_Party/SEGGER/SEGGER_SYSVIEW.o
 .comment       0x00000043       0x44 ./Src/LLVM_Main.o
 .comment       0x00000043       0x44 ./Src/stm32f7xx_hal_msp.o
 .comment       0x00000043       0x44 ./Src/stm32f7xx_it.o
 .comment       0x00000043       0x44 ./Src/system_stm32f7xx.o

.debug_frame    0x00000000     0x2838
 .debug_frame   0x00000000       0x94 ./BSP/Nucleo_F767ZI_Init.o
 .debug_frame   0x00000094      0x230 ./Drivers/STM32F7xx_HAL_Driver/Src/stm32f7xx_hal.o
 .debug_frame   0x000002c4      0x17c ./Drivers/STM32F7xx_HAL_Driver/Src/stm32f7xx_hal_cortex.o
 .debug_frame   0x00000440      0x100 ./Drivers/STM32F7xx_HAL_Driver/Src/stm32f7xx_hal_gpio.o
 .debug_frame   0x00000540      0x5e0 ./Inc/stm32f7xx_hal_spi.o
 .debug_frame   0x00000b20      0x688 ./Middleware/Third_Party/FreeRTOS/Source/CMSIS_RTOS_V2/cmsis_os2.o
 .debug_frame   0x000011a8       0x6c ./Middleware/Third_Party/FreeRTOS/Source/list.o
 .debug_frame   0x00001214      0x6e0 ./Middleware/Third_Party/FreeRTOS/Source/tasks.o
 .debug_frame   0x000018f4      0x100 ./Middleware/Third_Party/FreeRTOS/Source/portable/GCC/ARM_CM7/r0p1/port.o
 .debug_frame   0x000019f4      0x37c ./Middleware/Third_Party/SEGGER/SEGGER_RTT.o
 .debug_frame   0x00001d70      0x844 ./Middleware/Third_Party/SEGGER/SEGGER_SYSVIEW.o
 .debug_frame   0x000025b4       0xd8 ./Src/LLVM_Main.o
 .debug_frame   0x0000268c       0x58 ./Src/stm32f7xx_hal_msp.o
 .debug_frame   0x000026e4       0x90 ./Src/stm32f7xx_it.o
 .debug_frame   0x00002774       0x30 ./Src/system_stm32f7xx.o
 .debug_frame   0x000027a4       0x20 C:/ST/STM32CubeIDE_1.19.0/STM32CubeIDE/plugins/com.st.stm32cube.ide.mcu.externaltools.gnu-tools-for-stm32.13.3.rel1.win32_1.0.0.202411081344/tools/bin/../lib/gcc/arm-none-eabi/13.3.1/../../../../arm-none-eabi/lib/thumb/v7e-m+dp/hard\libc_nano.a(libc_a-memset.o)
 .debug_frame   0x000027c4       0x2c C:/ST/STM32CubeIDE_1.19.0/STM32CubeIDE/plugins/com.st.stm32cube.ide.mcu.externaltools.gnu-tools-for-stm32.13.3.rel1.win32_1.0.0.202411081344/tools/bin/../lib/gcc/arm-none-eabi/13.3.1/../../../../arm-none-eabi/lib/thumb/v7e-m+dp/hard\libc_nano.a(libc_a-init.o)
 .debug_frame   0x000027f0       0x20 C:/ST/STM32CubeIDE_1.19.0/STM32CubeIDE/plugins/com.st.stm32cube.ide.mcu.externaltools.gnu-tools-for-stm32.13.3.rel1.win32_1.0.0.202411081344/tools/bin/../lib/gcc/arm-none-eabi/13.3.1/../../../../arm-none-eabi/lib/thumb/v7e-m+dp/hard\libc_nano.a(libc_a-strcpy.o)
 .debug_frame   0x00002810       0x28 C:/ST/STM32CubeIDE_1.19.0/STM32CubeIDE/plugins/com.st.stm32cube.ide.mcu.externaltools.gnu-tools-for-stm32.13.3.rel1.win32_1.0.0.202411081344/tools/bin/../lib/gcc/arm-none-eabi/13.3.1/../../../../arm-none-eabi/lib/thumb/v7e-m+dp/hard\libc_nano.a(libc_a-memcpy-stub.o)

.debug_line_str
                0x00000000       0xcf
 .debug_line_str
                0x00000000       0xcf ./Middleware/Third_Party/SEGGER/SEGGER_RTT_ASM_ARMv7M.o
                                 0xae (size before relaxing)
 .debug_line_str
                0x000000cf       0x70 ./startup/startup_stm32f767xx.o
